Component: ARM Compiler 5.06 (build 20) Tool: armlink [4d35a3]

==============================================================================

Small function inlining results

Inlined function __aeabi_idiv0 from aeabi_idiv0.o at offset 0x154 in aeabi_sdiv.o(.text).
Inlined Instruction: BX       lr
Inlined function __aeabi_idiv0 from aeabi_idiv0.o at offset 0x154 in aeabi_sdiv_div0.o(.text).
Inlined Instruction: BX       lr
Inlined function _platform_pre_stackheap_init from boardinit1.o at offset 0x0 in __rtentry2.o(.ARM.Collect$$rtentry$$00000001).
Inlined Instruction: BX       lr
Inlined function _fp_init from fpinit.o at offset 0x0 in libinit2.o(.ARM.Collect$$libinit$$00000001).
Inlined Instruction: BX       lr
Inlined function _platform_pre_lib_shutdown from boardshut.o at offset 0x0 in rtexit2.o(.ARM.Collect$$rtexit$$00000001).
Inlined Instruction: BX       lr
Inlined function __ARM_get_argv from no_argv.o at offset 0x2 in argv_veneer.o(.text).
Inlined Instruction: BX       lr
Inlined total of 6 calls.

==============================================================================

Section Cross References

    system_m051series.o(i.SystemCoreClockUpdate) refers to aeabi_sdiv.o(.text) for __aeabi_uidivmod
    system_m051series.o(i.SystemCoreClockUpdate) refers to system_m051series.o(.data) for .data
    system_m051series.o(i.SystemCoreClockUpdate) refers to system_m051series.o(.constdata) for .constdata
    startup_m051series.o(STACK) refers (Special) to heapauxi.o(.text) for __use_two_region_memory
    startup_m051series.o(HEAP) refers (Special) to heapauxi.o(.text) for __use_two_region_memory
    startup_m051series.o(RESET) refers (Special) to heapauxi.o(.text) for __use_two_region_memory
    startup_m051series.o(RESET) refers to startup_m051series.o(STACK) for __initial_sp
    startup_m051series.o(RESET) refers to startup_m051series.o(.text) for Reset_Handler
    startup_m051series.o(RESET) refers to main.o(i.GPIOP2P3P4_IRQHandler) for GPIOP2P3P4_IRQHandler
    startup_m051series.o(RESET) refers to main.o(i.TMR0_IRQHandler) for TMR0_IRQHandler
    startup_m051series.o(RESET) refers to main.o(i.TMR1_IRQHandler) for TMR1_IRQHandler
    startup_m051series.o(RESET) refers to main.o(i.ADC_IRQHandler) for ADC_IRQHandler
    startup_m051series.o(.text) refers (Special) to heapauxi.o(.text) for __use_two_region_memory
    startup_m051series.o(.text) refers to system_m051series.o(i.SystemInit) for SystemInit
    startup_m051series.o(.text) refers to __main.o(!!!main) for __main
    startup_m051series.o(.text) refers to startup_m051series.o(HEAP) for Heap_Mem
    startup_m051series.o(.text) refers to startup_m051series.o(STACK) for Stack_Mem
    main.o(i.ADC_IRQHandler) refers to main.o(.data) for .data
    main.o(i.AdcSingleModeTest) refers to adc.o(i.ADC_Open) for ADC_Open
    main.o(i.AdcSingleModeTest) refers to adc.o(i.ADC_EnableInt) for ADC_EnableInt
    main.o(i.AdcSingleModeTest) refers to main.o(i.NVIC_EnableIRQ) for NVIC_EnableIRQ
    main.o(i.AdcSingleModeTest) refers to adc.o(i.ADC_DisableInt) for ADC_DisableInt
    main.o(i.AdcSingleModeTest) refers to fflti.o(.text) for __aeabi_ui2f
    main.o(i.AdcSingleModeTest) refers to fdiv.o(.text) for __aeabi_fdiv
    main.o(i.AdcSingleModeTest) refers to fmul.o(x$fpl$fmul) for __aeabi_fmul
    main.o(i.AdcSingleModeTest) refers to ffixui.o(.text) for __aeabi_f2uiz
    main.o(i.AdcSingleModeTest) refers to main.o(.data) for .data
    main.o(i.CGROM) refers to main.o(i.WriteData) for WriteData
    main.o(i.Clear_CGROM) refers to main.o(i.WriteData) for WriteData
    main.o(i.Clear_CGROM) refers to main.o(i.delay_time) for delay_time
    main.o(i.Clear_GDRAM) refers to main.o(i.WriteData) for WriteData
    main.o(i.GPIOP2P3P4_IRQHandler) refers to main.o(i.delay_time) for delay_time
    main.o(i.GPIOP2P3P4_IRQHandler) refers to main.o(i.button_select) for button_select
    main.o(i.GPIOP2P3P4_IRQHandler) refers to main.o(i.Clear_CGROM) for Clear_CGROM
    main.o(i.GPIOP2P3P4_IRQHandler) refers to main.o(i.Page_1_1) for Page_1_1
    main.o(i.GPIOP2P3P4_IRQHandler) refers to main.o(i.Page_1) for Page_1
    main.o(i.GPIOP2P3P4_IRQHandler) refers to main.o(i.vibrating_wire) for vibrating_wire
    main.o(i.GPIOP2P3P4_IRQHandler) refers to main.o(.data) for .data
    main.o(i.GPIOP2P3P4_IRQHandler) refers to main.o(.bss) for .bss
    main.o(i.GPIOP2P3P4_IRQHandler) refers to main.o(i.Page_set) for Page_set
    main.o(i.GPIOP2P3P4_IRQHandler) refers to main.o(i.Page_2) for Page_2
    main.o(i.GPIOP2P3P4_IRQHandler) refers to main.o(i.FMC_Erase) for FMC_Erase
    main.o(i.GPIOP2P3P4_IRQHandler) refers to main.o(i.FMC_Write) for FMC_Write
    main.o(i.HCGROM) refers to main.o(i.WriteData) for WriteData
    main.o(i.Initial_st7920) refers to main.o(i.WriteData) for WriteData
    main.o(i.Initial_st7920) refers to main.o(i.delay_time) for delay_time
    main.o(i.Page_1) refers to main.o(i.WriteData) for WriteData
[...]
    retnan.o(.text) refers to cmpret.o(.text) for __fpl_cmpreturn
    rtexit.o(.ARM.Collect$$rtexit$$00000000) refers (Special) to rtexit2.o(.ARM.Collect$$rtexit$$00000004) for __rt_exit_exit
    rtexit.o(.ARM.Collect$$rtexit$$00000000) refers (Special) to rtexit2.o(.ARM.Collect$$rtexit$$00000003) for __rt_exit_ls
    rtexit.o(.ARM.Collect$$rtexit$$00000000) refers (Special) to rtexit2.o(.ARM.Collect$$rtexit$$00000002) for __rt_exit_prels_1
    rtexit.o(.ARM.exidx) refers (Special) to rtexit2.o(.ARM.Collect$$rtexit$$00000004) for __rt_exit_exit
    rtexit.o(.ARM.exidx) refers (Special) to rtexit2.o(.ARM.Collect$$rtexit$$00000003) for __rt_exit_ls
    rtexit.o(.ARM.exidx) refers (Special) to rtexit2.o(.ARM.Collect$$rtexit$$00000002) for __rt_exit_prels_1
    rtexit.o(.ARM.exidx) refers to rtexit.o(.ARM.Collect$$rtexit$$00000000) for .ARM.Collect$$rtexit$$00000000
    rt_raise.o(.text) refers to __raise.o(.text) for __raise
    rt_raise.o(.text) refers to sys_exit.o(.text) for _sys_exit
    defsig_exit.o(.text) refers to sys_exit.o(.text) for _sys_exit
    defsig_fpe_inner.o(.text) refers to defsig_general.o(.text) for __default_signal_display
    libinit2.o(.ARM.Collect$$libinit$$00000010) refers to libinit2.o(.ARM.Collect$$libinit$$0000000F) for .ARM.Collect$$libinit$$0000000F
    libinit2.o(.ARM.Collect$$libinit$$00000012) refers to libinit2.o(.ARM.Collect$$libinit$$0000000F) for .ARM.Collect$$libinit$$0000000F
    libinit2.o(.ARM.Collect$$libinit$$00000014) refers to libinit2.o(.ARM.Collect$$libinit$$0000000F) for .ARM.Collect$$libinit$$0000000F
    libinit2.o(.ARM.Collect$$libinit$$00000016) refers to libinit2.o(.ARM.Collect$$libinit$$0000000F) for .ARM.Collect$$libinit$$0000000F
    libinit2.o(.ARM.Collect$$libinit$$00000018) refers to libinit2.o(.ARM.Collect$$libinit$$0000000F) for .ARM.Collect$$libinit$$0000000F
    libinit2.o(.ARM.Collect$$libinit$$00000026) refers to argv_veneer.o(.text) for __ARM_argv_veneer
    libinit2.o(.ARM.Collect$$libinit$$00000027) refers to argv_veneer.o(.text) for __ARM_argv_veneer
    sys_exit.o(.text) refers (Special) to use_no_semi.o(.text) for __I$use$semihosting
    sys_exit.o(.text) refers (Special) to indicate_semi.o(.text) for __semihosting_library_function
    rtexit2.o(.ARM.Collect$$rtexit$$00000003) refers to libshutdown.o(.ARM.Collect$$libshutdown$$00000000) for __rt_lib_shutdown
    rtexit2.o(.ARM.Collect$$rtexit$$00000004) refers to sys_exit.o(.text) for _sys_exit
    rtexit2.o(.ARM.exidx) refers to rtexit2.o(.ARM.Collect$$rtexit$$00000001) for .ARM.Collect$$rtexit$$00000001
    rtexit2.o(.ARM.exidx) refers to rtexit2.o(.ARM.Collect$$rtexit$$00000003) for .ARM.Collect$$rtexit$$00000003
    rtexit2.o(.ARM.exidx) refers to rtexit2.o(.ARM.Collect$$rtexit$$00000004) for .ARM.Collect$$rtexit$$00000004
    __raise.o(.text) refers to defsig.o(CL$$defsig) for __default_signal_handler
    defsig_general.o(.text) refers to retarget.o(i._ttywrch) for _ttywrch
    defsig.o(CL$$defsig) refers to defsig_fpe_inner.o(.text) for __rt_SIGFPE_inner
    defsig.o(CL$$defsig) refers to defsig_rtmem_inner.o(.text) for __rt_SIGRTMEM_inner
    _get_argv_nomalloc.o(.text) refers (Special) to hrguard.o(.text) for __heap_region$guard
    _get_argv_nomalloc.o(.text) refers to defsig_rtmem_outer.o(.text) for __rt_SIGRTMEM
    _get_argv_nomalloc.o(.text) refers to sys_command.o(.text) for _sys_command_string
    libshutdown.o(.ARM.Collect$$libshutdown$$00000000) refers (Special) to libshutdown2.o(.ARM.Collect$$libshutdown$$00000002) for __rt_lib_shutdown_cpp_1
    libshutdown.o(.ARM.Collect$$libshutdown$$00000000) refers (Special) to libshutdown2.o(.ARM.Collect$$libshutdown$$00000007) for __rt_lib_shutdown_fp_trap_1
    libshutdown.o(.ARM.Collect$$libshutdown$$00000000) refers (Special) to libshutdown2.o(.ARM.Collect$$libshutdown$$0000000F) for __rt_lib_shutdown_heap_1
    libshutdown.o(.ARM.Collect$$libshutdown$$00000000) refers (Special) to libshutdown2.o(.ARM.Collect$$libshutdown$$00000010) for __rt_lib_shutdown_return
    libshutdown.o(.ARM.Collect$$libshutdown$$00000000) refers (Special) to libshutdown2.o(.ARM.Collect$$libshutdown$$0000000A) for __rt_lib_shutdown_signal_1
    libshutdown.o(.ARM.Collect$$libshutdown$$00000000) refers (Special) to libshutdown2.o(.ARM.Collect$$libshutdown$$00000004) for __rt_lib_shutdown_stdio_1
    libshutdown.o(.ARM.Collect$$libshutdown$$00000000) refers (Special) to libshutdown2.o(.ARM.Collect$$libshutdown$$0000000C) for __rt_lib_shutdown_user_alloc_1
    sys_command.o(.text) refers (Special) to use_no_semi.o(.text) for __I$use$semihosting
    sys_command.o(.text) refers (Special) to indicate_semi.o(.text) for __semihosting_library_function
    defsig_abrt_inner.o(.text) refers to defsig_general.o(.text) for __default_signal_display
    defsig_rtred_inner.o(.text) refers to defsig_general.o(.text) for __default_signal_display
    defsig_rtmem_inner.o(.text) refers to defsig_general.o(.text) for __default_signal_display
    defsig_rtmem_outer.o(.text) refers to defsig_rtmem_inner.o(.text) for __rt_SIGRTMEM_inner
    defsig_rtmem_outer.o(.text) refers to defsig_exit.o(.text) for __sig_exit
    defsig_rtmem_formal.o(.text) refers to rt_raise.o(.text) for __rt_raise
    defsig_stak_inner.o(.text) refers to defsig_general.o(.text) for __default_signal_display
    defsig_pvfn_inner.o(.text) refers to defsig_general.o(.text) for __default_signal_display
    defsig_cppl_inner.o(.text) refers to defsig_general.o(.text) for __default_signal_display
    defsig_segv_inner.o(.text) refers to defsig_general.o(.text) for __default_signal_display
    defsig_other.o(.text) refers to defsig_general.o(.text) for __default_signal_display


==============================================================================

Removing Unused input sections from the image.

    Removing system_m051series.o(.rev16_text), (4 bytes).
    Removing system_m051series.o(.revsh_text), (4 bytes).
    Removing main.o(.rev16_text), (4 bytes).
    Removing main.o(.revsh_text), (4 bytes).
    Removing main.o(i.CGROM), (134 bytes).
    Removing main.o(i.HCGROM), (54 bytes).
    Removing main.o(i.myFloorRound), (56 bytes).
    Removing main.o(.bss), (32 bytes).
    Removing main.o(.data), (1 bytes).
    Removing main.o(.data), (4 bytes).
    Removing main.o(.data), (1 bytes).
    Removing main.o(.data), (4 bytes).
    Removing main.o(.data), (4 bytes).
    Removing main.o(.data), (4 bytes).
    Removing main.o(.data), (4 bytes).
    Removing main.o(.data), (1 bytes).
    Removing main.o(.data), (1 bytes).
    Removing retarget.o(.rev16_text), (4 bytes).
    Removing retarget.o(.revsh_text), (4 bytes).
    Removing retarget.o(i.GetChar), (20 bytes).
    Removing retarget.o(i.IsDebugFifoEmpty), (16 bytes).
    Removing retarget.o(i.SendChar), (8 bytes).
    Removing retarget.o(i.SendChar_ToUART), (32 bytes).
    Removing retarget.o(i._ttywrch), (8 bytes).
    Removing retarget.o(i.ferror), (6 bytes).
    Removing retarget.o(i.fgetc), (8 bytes).
    Removing retarget.o(i.fputc), (12 bytes).
    Removing retarget.o(i.kbhit), (16 bytes).
    Removing retarget.o(.data), (4 bytes).
    Removing retarget.o(.data), (4 bytes).
    Removing gpio.o(.rev16_text), (4 bytes).
    Removing gpio.o(.revsh_text), (4 bytes).
    Removing gpio.o(i.GPIO_DisableInt), (28 bytes).
    Removing uart.o(.rev16_text), (4 bytes).
    Removing uart.o(.revsh_text), (4 bytes).
    Removing uart.o(i.CLK_GetPLLClockFreq), (88 bytes).
    Removing uart.o(i.UART_ClearIntFlag), (64 bytes).
    Removing uart.o(i.UART_Close), (6 bytes).
    Removing uart.o(i.UART_DisableFlowCtrl), (12 bytes).
    Removing uart.o(i.UART_DisableInt), (36 bytes).
    Removing uart.o(i.UART_EnableFlowCtrl), (30 bytes).
    Removing uart.o(i.UART_EnableInt), (36 bytes).
    Removing uart.o(i.UART_Open), (124 bytes).
    Removing uart.o(i.UART_Read), (44 bytes).
    Removing uart.o(i.UART_SelectIrDAMode), (120 bytes).
    Removing uart.o(i.UART_SelectLINMode), (24 bytes).
    Removing uart.o(i.UART_SelectRS485Mode), (32 bytes).
    Removing uart.o(i.UART_SetLine_Config), (116 bytes).
    Removing uart.o(i.UART_SetTimeoutCnt), (22 bytes).
    Removing uart.o(i.UART_Write), (44 bytes).
    Removing uart.o(.constdata), (48 bytes).
    Removing clk.o(.rev16_text), (4 bytes).
    Removing clk.o(.revsh_text), (4 bytes).
    Removing clk.o(i.CLK_DisableCKO), (16 bytes).
    Removing clk.o(i.CLK_DisableModuleClock), (28 bytes).
    Removing clk.o(i.CLK_DisablePLL), (16 bytes).
    Removing clk.o(i.CLK_DisableXtalRC), (16 bytes).
    Removing clk.o(i.CLK_EnableCKO), (44 bytes).
    Removing clk.o(i.CLK_EnablePLL), (320 bytes).
    Removing clk.o(i.CLK_EnableXtalRC), (16 bytes).
    Removing clk.o(i.CLK_GetCPUFreq), (16 bytes).
    Removing clk.o(i.CLK_GetHCLKFreq), (16 bytes).
    Removing clk.o(i.CLK_GetHXTFreq), (20 bytes).
    Removing clk.o(i.CLK_Idle), (32 bytes).
    Removing clk.o(i.CLK_PowerDown), (36 bytes).
    Removing clk.o(i.CLK_SetCoreClock), (60 bytes).
    Removing clk.o(i.CLK_SetHCLK), (36 bytes).
    Removing clk.o(i.CLK_SetSysTickClockSrc), (20 bytes).
    Removing sys.o(.rev16_text), (4 bytes).
    Removing sys.o(.revsh_text), (4 bytes).
    Removing sys.o(i.SYS_ClearResetSrc), (12 bytes).
    Removing sys.o(i.SYS_DisableBOD), (14 bytes).
    Removing sys.o(i.SYS_EnableBOD), (36 bytes).
    Removing sys.o(i.SYS_GetBODStatus), (12 bytes).
    Removing sys.o(i.SYS_GetResetSrc), (8 bytes).
    Removing sys.o(i.SYS_IsRegLocked), (16 bytes).
    Removing sys.o(i.SYS_ReadPDID), (8 bytes).
    Removing sys.o(i.SYS_ResetCPU), (14 bytes).
    Removing sys.o(i.SYS_ResetChip), (14 bytes).
    Removing sys.o(i.SYS_ResetModule), (28 bytes).
    Removing timer.o(.rev16_text), (4 bytes).
    Removing timer.o(.revsh_text), (4 bytes).
    Removing timer.o(i.TIMER_Delay), (196 bytes).
    Removing timer.o(i.TIMER_DisableCapture), (10 bytes).
    Removing adc.o(.rev16_text), (4 bytes).
    Removing adc.o(.revsh_text), (4 bytes).
    Removing adc.o(i.ADC_DisableHWTrigger), (20 bytes).
    Removing adc.o(i.ADC_EnableHWTrigger), (60 bytes).
    Removing fmc.o(.rev16_text), (4 bytes).
    Removing fmc.o(.revsh_text), (4 bytes).
    Removing fmc.o(i.FMC_Close), (16 bytes).
    Removing fmc.o(i.FMC_DisableAPUpdate), (16 bytes).
    Removing fmc.o(i.FMC_DisableConfigUpdate), (16 bytes).
    Removing fmc.o(i.FMC_DisableLDUpdate), (16 bytes).
    Removing fmc.o(i.FMC_EnableAPUpdate), (16 bytes).
    Removing fmc.o(i.FMC_EnableConfigUpdate), (16 bytes).
    Removing fmc.o(i.FMC_EnableLDUpdate), (16 bytes).
    Removing fmc.o(i.FMC_GetBootSource), (20 bytes).
    Removing fmc.o(i.FMC_Open), (16 bytes).
    Removing fmc.o(i.FMC_Read), (32 bytes).
    Removing fmc.o(i.FMC_ReadConfig), (34 bytes).
    Removing fmc.o(i.FMC_ReadDataFlashBaseAddr), (12 bytes).
    Removing fmc.o(i.FMC_SetBootSource), (24 bytes).
    Removing fmc.o(i.FMC_WriteConfig), (76 bytes).

104 unused section(s) (total 2854 bytes) removed from the image.

==============================================================================

Image Symbol Table

    Local Symbols

    Symbol Name                              Value     Ov Type        Size  Object(Section)

    RESET                                    0x00000000   Section      192  startup_m051series.o(RESET)
    ../clib/angel/boardlib.s                 0x00000000   Number         0  boardshut.o ABSOLUTE
    ../clib/angel/boardlib.s                 0x00000000   Number         0  boardinit1.o ABSOLUTE
    ../clib/angel/boardlib.s                 0x00000000   Number         0  boardinit2.o ABSOLUTE
    ../clib/angel/boardlib.s                 0x00000000   Number         0  boardinit3.o ABSOLUTE
    ../clib/angel/handlers.s                 0x00000000   Number         0  __scatter_zi.o ABSOLUTE
    ../clib/angel/handlers.s                 0x00000000   Number         0  __scatter_copy.o ABSOLUTE
    ../clib/angel/kernel.s                   0x00000000   Number         0  rtexit.o ABSOLUTE
    ../clib/angel/kernel.s                   0x00000000   Number         0  __rtentry4.o ABSOLUTE
    ../clib/angel/kernel.s                   0x00000000   Number         0  __rtentry2.o ABSOLUTE
    ../clib/angel/kernel.s                   0x00000000   Number         0  __rtentry.o ABSOLUTE
    ../clib/angel/kernel.s                   0x00000000   Number         0  rtexit2.o ABSOLUTE
    ../clib/angel/rt.s                       0x00000000   Number         0  aeabi_idiv0.o ABSOLUTE
    ../clib/angel/rt.s                       0x00000000   Number         0  aeabi_idiv0_sigfpe.o ABSOLUTE
    ../clib/angel/rt.s                       0x00000000   Number         0  rt_errno_addr_intlibspace.o ABSOLUTE
    ../clib/angel/rt.s                       0x00000000   Number         0  rt_div0.o ABSOLUTE
    ../clib/angel/rt.s                       0x00000000   Number         0  rt_raise.o ABSOLUTE
    ../clib/angel/rt.s                       0x00000000   Number         0  rt_errno_addr.o ABSOLUTE
    ../clib/angel/scatterp.s                 0x00000000   Number         0  __scatter.o ABSOLUTE
    ../clib/angel/startup.s                  0x00000000   Number         0  __main.o ABSOLUTE
    ../clib/angel/sys.s                      0x00000000   Number         0  tempstk.o ABSOLUTE
    ../clib/angel/sys.s                      0x00000000   Number         0  libspace.o ABSOLUTE
    ../clib/angel/sys.s                      0x00000000   Number         0  use_no_semi.o ABSOLUTE
    ../clib/angel/sys.s                      0x00000000   Number         0  indicate_semi.o ABSOLUTE
    ../clib/angel/sys.s                      0x00000000   Number         0  sys_stackheap_outer.o ABSOLUTE
    ../clib/angel/sysapp.c                   0x00000000   Number         0  sys_exit.o ABSOLUTE
    ../clib/angel/sysapp.c                   0x00000000   Number         0  sys_command.o ABSOLUTE
    ../clib/armsys.c                         0x00000000   Number         0  argv_veneer.o ABSOLUTE
    ../clib/armsys.c                         0x00000000   Number         0  _get_argv_nomalloc.o ABSOLUTE
    ../clib/armsys.c                         0x00000000   Number         0  no_argv.o ABSOLUTE
    ../clib/division.s                       0x00000000   Number         0  aeabi_sdiv_div0.o ABSOLUTE
    ../clib/division.s                       0x00000000   Number         0  aeabi_sdiv.o ABSOLUTE
    ../clib/fenv.c                           0x00000000   Number         0  _rserrno.o ABSOLUTE
    ../clib/heapalloc.c                      0x00000000   Number         0  hrguard.o ABSOLUTE
    ../clib/heapaux.c                        0x00000000   Number         0  heapauxi.o ABSOLUTE
    ../clib/libinit.s                        0x00000000   Number         0  libinit2.o ABSOLUTE
    ../clib/libinit.s                        0x00000000   Number         0  libinit.o ABSOLUTE
    ../clib/libinit.s                        0x00000000   Number         0  libshutdown2.o ABSOLUTE
    ../clib/libinit.s                        0x00000000   Number         0  libshutdown.o ABSOLUTE
    ../clib/memcpset.c                       0x00000000   Number         0  rt_memcpy.o ABSOLUTE
    ../clib/memcpset.c                       0x00000000   Number         0  rt_memcpy.o ABSOLUTE
    ../clib/misc.s                           0x00000000   Number         0  printf_stubs.o ABSOLUTE
    ../clib/signal.c                         0x00000000   Number         0  defsig_exit.o ABSOLUTE
    ../clib/signal.c                         0x00000000   Number         0  defsig_rtred_inner.o ABSOLUTE
    ../clib/signal.c                         0x00000000   Number         0  defsig_abrt_inner.o ABSOLUTE
    ../clib/signal.c                         0x00000000   Number         0  defsig_fpe_inner.o ABSOLUTE
    ../clib/signal.c                         0x00000000   Number         0  defsig_fpe_formal.o ABSOLUTE
    ../clib/signal.c                         0x00000000   Number         0  defsig_fpe_outer.o ABSOLUTE
    ../clib/signal.c                         0x00000000   Number         0  defsig_segv_inner.o ABSOLUTE
    ../clib/signal.c                         0x00000000   Number         0  defsig_other.o ABSOLUTE
    ../clib/signal.c                         0x00000000   Number         0  defsig_cppl_inner.o ABSOLUTE
    ../clib/signal.c                         0x00000000   Number         0  defsig_pvfn_inner.o ABSOLUTE
    ../clib/signal.c                         0x00000000   Number         0  defsig_general.o ABSOLUTE
    ../clib/signal.c                         0x00000000   Number         0  __raise.o ABSOLUTE
    ../clib/signal.c                         0x00000000   Number         0  defsig_stak_inner.o ABSOLUTE
    ../clib/signal.c                         0x00000000   Number         0  defsig_rtmem_formal.o ABSOLUTE
    ../clib/signal.c                         0x00000000   Number         0  defsig_rtmem_inner.o ABSOLUTE
    ../clib/signal.c                         0x00000000   Number         0  defsig_rtmem_outer.o ABSOLUTE
    ../clib/signal.s                         0x00000000   Number         0  defsig.o ABSOLUTE
    ../clib/stdlib.c                         0x00000000   Number         0  exit.o ABSOLUTE
    ../fplib/cfplib/cmpret.c                 0x00000000   Number         0  cmpret.o ABSOLUTE
    ../fplib/cfplib/d2f.c                    0x00000000   Number         0  d2f.o ABSOLUTE
    ../fplib/cfplib/daddsub.c                0x00000000   Number         0  daddsub.o ABSOLUTE
    ../fplib/cfplib/dcmpin.c                 0x00000000   Number         0  dcmpin.o ABSOLUTE
    ../fplib/cfplib/ddiv.c                   0x00000000   Number         0  ddiv.o ABSOLUTE
    ../fplib/cfplib/dmul.c                   0x00000000   Number         0  dmul.o ABSOLUTE
    ../fplib/cfplib/dsqrt.c                  0x00000000   Number         0  dsqrt.o ABSOLUTE
    ../fplib/cfplib/f2d.c                    0x00000000   Number         0  f2d.o ABSOLUTE
    ../fplib/cfplib/fcmpin.c                 0x00000000   Number         0  fcmpin.o ABSOLUTE
    ../fplib/cfplib/fdiv.c                   0x00000000   Number         0  fdiv.o ABSOLUTE
    ../fplib/cfplib/ffix.c                   0x00000000   Number         0  ffixui.o ABSOLUTE
    ../fplib/cfplib/ffix.c                   0x00000000   Number         0  dfixui.o ABSOLUTE
    ../fplib/cfplib/fflt.c                   0x00000000   Number         0  fflti.o ABSOLUTE
    ../fplib/cfplib/fflt.c                   0x00000000   Number         0  dflti.o ABSOLUTE
    ../fplib/cfplib/fpinit.c                 0x00000000   Number         0  fpinit.o ABSOLUTE
    ../fplib/cfplib/nan2.c                   0x00000000   Number         0  dnan2.o ABSOLUTE
    ../fplib/cfplib/nan2.c                   0x00000000   Number         0  fnan2.o ABSOLUTE
    ../fplib/cfplib/retnan.c                 0x00000000   Number         0  retnan.o ABSOLUTE
    ../fplib/cfplib/scalbn.c                 0x00000000   Number         0  dscalbn.o ABSOLUTE
    ../fplib/dleqf6m.s                       0x00000000   Number         0  dlef.o ABSOLUTE
    ../fplib/drleqf6m.s                      0x00000000   Number         0  drlef.o ABSOLUTE
    ../fplib/faddsub6m.s                     0x00000000   Number         0  faddsub.o ABSOLUTE
    ../fplib/fleqf6m.s                       0x00000000   Number         0  flef.o ABSOLUTE
    ../fplib/fmul6m.s                        0x00000000   Number         0  fmul.o ABSOLUTE
    ../fplib/frleqf6m.s                      0x00000000   Number         0  frlef.o ABSOLUTE
    ../fplib/usenofp.s                       0x00000000   Number         0  usenofp.o ABSOLUTE
    ../mathlib/ceil.c                        0x00000000   Number         0  ceil.o ABSOLUTE
    ../mathlib/floor.c                       0x00000000   Number         0  floor.o ABSOLUTE
    ../mathlib/sqrt.c                        0x00000000   Number         0  sqrt.o ABSOLUTE
    ../mathlib/sqrt.c                        0x00000000   Number         0  sqrt_x.o ABSOLUTE
    ..\..\Library\Device\Nuvoton\M051Series\Source\ARM\startup_M051Series.s 0x00000000   Number         0  startup_m051series.o ABSOLUTE
    ..\..\Library\Device\Nuvoton\M051Series\Source\system_M051Series.c 0x00000000   Number         0  system_m051series.o ABSOLUTE
    ..\..\Library\StdDriver\src\clk.c        0x00000000   Number         0  clk.o ABSOLUTE
    ..\..\Library\StdDriver\src\gpio.c       0x00000000   Number         0  gpio.o ABSOLUTE
    ..\..\Library\StdDriver\src\retarget.c   0x00000000   Number         0  retarget.o ABSOLUTE
    ..\..\Library\StdDriver\src\sys.c        0x00000000   Number         0  sys.o ABSOLUTE
    ..\..\Library\StdDriver\src\timer.c      0x00000000   Number         0  timer.o ABSOLUTE
    ..\..\Library\StdDriver\src\uart.c       0x00000000   Number         0  uart.o ABSOLUTE
    ..\\..\\Library\\Device\\Nuvoton\\M051Series\\Source\\system_M051Series.c 0x00000000   Number         0  system_m051series.o ABSOLUTE
    ..\\..\\Library\\StdDriver\\src\\clk.c   0x00000000   Number         0  clk.o ABSOLUTE
    ..\\..\\Library\\StdDriver\\src\\gpio.c  0x00000000   Number         0  gpio.o ABSOLUTE
    ..\\..\\Library\\StdDriver\\src\\retarget.c 0x00000000   Number         0  retarget.o ABSOLUTE
    ..\\..\\Library\\StdDriver\\src\\sys.c   0x00000000   Number         0  sys.o ABSOLUTE
    ..\\..\\Library\\StdDriver\\src\\timer.c 0x00000000   Number         0  timer.o ABSOLUTE
    ..\\..\\Library\\StdDriver\\src\\uart.c  0x00000000   Number         0  uart.o ABSOLUTE
    ..\\main.c                               0x00000000   Number         0  main.o ABSOLUTE
    ..\main.c                                0x00000000   Number         0  main.o ABSOLUTE
    D:\\muilt-functional meassure\\muilt-functional_meassurement_V2\\Work\\Library\\StdDriver\\src\\fmc.c 0x00000000   Number         0  fmc.o ABSOLUTE
    D:\\nuvoton_sample_code\\Library\\StdDriver\\src\\adc.c 0x00000000   Number         0  adc.o ABSOLUTE
    D:\muilt-functional meassure\muilt-functional_meassurement_V2\Work\Library\StdDriver\src\fmc.c 0x00000000   Number         0  fmc.o ABSOLUTE
    D:\nuvoton_sample_code\Library\StdDriver\src\adc.c 0x00000000   Number         0  adc.o ABSOLUTE
    !!!main                                  0x000000c0   Section        8  __main.o(!!!main)
    !!!scatter                               0x000000c8   Section       60  __scatter.o(!!!scatter)
    !!handler_copy                           0x00000104   Section       26  __scatter_copy.o(!!handler_copy)
    !!handler_zi                             0x00000120   Section       28  __scatter_zi.o(!!handler_zi)
    .ARM.Collect$$libinit$$00000000          0x0000013c   Section        2  libinit.o(.ARM.Collect$$libinit$$00000000)
    .ARM.Collect$$libinit$$00000002          0x0000013e   Section        0  libinit2.o(.ARM.Collect$$libinit$$00000002)
    .ARM.Collect$$libinit$$00000004          0x0000013e   Section        0  libinit2.o(.ARM.Collect$$libinit$$00000004)
    .ARM.Collect$$libinit$$0000000A          0x0000013e   Section        0  libinit2.o(.ARM.Collect$$libinit$$0000000A)
    .ARM.Collect$$libinit$$0000000C          0x0000013e   Section        0  libinit2.o(.ARM.Collect$$libinit$$0000000C)
    .ARM.Collect$$libinit$$0000000E          0x0000013e   Section        0  libinit2.o(.ARM.Collect$$libinit$$0000000E)
    .ARM.Collect$$libinit$$00000011          0x0000013e   Section        0  libinit2.o(.ARM.Collect$$libinit$$00000011)
    .ARM.Collect$$libinit$$00000013          0x0000013e   Section        0  libinit2.o(.ARM.Collect$$libinit$$00000013)
    .ARM.Collect$$libinit$$00000015          0x0000013e   Section        0  libinit2.o(.ARM.Collect$$libinit$$00000015)
    .ARM.Collect$$libinit$$00000017          0x0000013e   Section        0  libinit2.o(.ARM.Collect$$libinit$$00000017)
    .ARM.Collect$$libinit$$00000019          0x0000013e   Section        0  libinit2.o(.ARM.Collect$$libinit$$00000019)
    .ARM.Collect$$libinit$$0000001B          0x0000013e   Section        0  libinit2.o(.ARM.Collect$$libinit$$0000001B)
    .ARM.Collect$$libinit$$0000001D          0x0000013e   Section        0  libinit2.o(.ARM.Collect$$libinit$$0000001D)
    .ARM.Collect$$libinit$$0000001F          0x0000013e   Section        0  libinit2.o(.ARM.Collect$$libinit$$0000001F)
    .ARM.Collect$$libinit$$00000021          0x0000013e   Section        0  libinit2.o(.ARM.Collect$$libinit$$00000021)
    .ARM.Collect$$libinit$$00000023          0x0000013e   Section        0  libinit2.o(.ARM.Collect$$libinit$$00000023)
    .ARM.Collect$$libinit$$00000025          0x0000013e   Section        0  libinit2.o(.ARM.Collect$$libinit$$00000025)
    .ARM.Collect$$libinit$$0000002C          0x0000013e   Section        0  libinit2.o(.ARM.Collect$$libinit$$0000002C)
    .ARM.Collect$$libinit$$0000002E          0x0000013e   Section        0  libinit2.o(.ARM.Collect$$libinit$$0000002E)
    .ARM.Collect$$libinit$$00000030          0x0000013e   Section        0  libinit2.o(.ARM.Collect$$libinit$$00000030)
    .ARM.Collect$$libinit$$00000032          0x0000013e   Section        0  libinit2.o(.ARM.Collect$$libinit$$00000032)
    .ARM.Collect$$libinit$$00000033          0x0000013e   Section        2  libinit2.o(.ARM.Collect$$libinit$$00000033)
    .ARM.Collect$$libshutdown$$00000000      0x00000140   Section        2  libshutdown.o(.ARM.Collect$$libshutdown$$00000000)
    .ARM.Collect$$libshutdown$$00000002      0x00000142   Section        0  libshutdown2.o(.ARM.Collect$$libshutdown$$00000002)
    .ARM.Collect$$libshutdown$$00000004      0x00000142   Section        0  libshutdown2.o(.ARM.Collect$$libshutdown$$00000004)
    .ARM.Collect$$libshutdown$$00000007      0x00000142   Section        0  libshutdown2.o(.ARM.Collect$$libshutdown$$00000007)
    .ARM.Collect$$libshutdown$$0000000A      0x00000142   Section        0  libshutdown2.o(.ARM.Collect$$libshutdown$$0000000A)
    .ARM.Collect$$libshutdown$$0000000C      0x00000142   Section        0  libshutdown2.o(.ARM.Collect$$libshutdown$$0000000C)
    .ARM.Collect$$libshutdown$$0000000F      0x00000142   Section        0  libshutdown2.o(.ARM.Collect$$libshutdown$$0000000F)
    .ARM.Collect$$libshutdown$$00000010      0x00000142   Section        2  libshutdown2.o(.ARM.Collect$$libshutdown$$00000010)
    .ARM.Collect$$rtentry$$00000000          0x00000144   Section        0  __rtentry.o(.ARM.Collect$$rtentry$$00000000)
    .ARM.Collect$$rtentry$$00000002          0x00000144   Section        0  __rtentry2.o(.ARM.Collect$$rtentry$$00000002)
    .ARM.Collect$$rtentry$$00000004          0x00000144   Section        6  __rtentry4.o(.ARM.Collect$$rtentry$$00000004)
    .ARM.Collect$$rtentry$$00000009          0x0000014a   Section        0  __rtentry2.o(.ARM.Collect$$rtentry$$00000009)
    .ARM.Collect$$rtentry$$0000000A          0x0000014a   Section        4  __rtentry2.o(.ARM.Collect$$rtentry$$0000000A)
    .ARM.Collect$$rtentry$$0000000C          0x0000014e   Section        0  __rtentry2.o(.ARM.Collect$$rtentry$$0000000C)
    .ARM.Collect$$rtentry$$0000000D          0x0000014e   Section        8  __rtentry2.o(.ARM.Collect$$rtentry$$0000000D)
    .ARM.Collect$$rtexit$$00000000           0x00000156   Section        2  rtexit.o(.ARM.Collect$$rtexit$$00000000)
    .ARM.Collect$$rtexit$$00000002           0x00000158   Section        0  rtexit2.o(.ARM.Collect$$rtexit$$00000002)
    .ARM.Collect$$rtexit$$00000003           0x00000158   Section        4  rtexit2.o(.ARM.Collect$$rtexit$$00000003)
    .ARM.Collect$$rtexit$$00000004           0x0000015c   Section        6  rtexit2.o(.ARM.Collect$$rtexit$$00000004)
    .emb_text                                0x00000164   Section       56  rt_memcpy.o(.emb_text)
    .text                                    0x0000019c   Section      100  startup_m051series.o(.text)
    Default_Handler                          0x000001c7   Thumb Code     2  startup_m051series.o(.text)
    .text                                    0x00000200   Section      346  aeabi_sdiv.o(.text)
    .text                                    0x0000035a   Section        0  heapauxi.o(.text)
    .text                                    0x00000360   Section        0  d2f.o(.text)
    .text                                    0x000003dc   Section        0  daddsub.o(.text)
    _dadd1                                   0x000003dd   Thumb Code   290  daddsub.o(.text)
    _dsub1                                   0x000004ff   Thumb Code   470  daddsub.o(.text)
    .text                                    0x00000734   Section        0  ddiv.o(.text)
    .text                                    0x00000b7c   Section        0  dfixui.o(.text)
    .text                                    0x00000bc4   Section        0  dflti.o(.text)
    .text                                    0x00000c1c   Section        0  dmul.o(.text)
    .text                                    0x00000e64   Section        0  dscalbn.o(.text)
    .text                                    0x00000ec4   Section        0  f2d.o(.text)
    .text                                    0x00000f18   Section        0  fdiv.o(.text)
    .text                                    0x00001078   Section        0  ffixui.o(.text)
    .text                                    0x000010a8   Section        0  fflti.o(.text)
    .text                                    0x00001106   Section        0  _rserrno.o(.text)
    .text                                    0x0000111c   Section        0  dcmpin.o(.text)
    .text                                    0x000011ac   Section        0  dsqrt.o(.text)
    .text                                    0x000012ac   Section        0  fcmpin.o(.text)
    .text                                    0x00001310   Section        8  rt_errno_addr_intlibspace.o(.text)
    .text                                    0x00001318   Section        0  cmpret.o(.text)
    .text                                    0x00001348   Section        0  dnan2.o(.text)
    .text                                    0x0000135c   Section        0  fnan2.o(.text)
    .text                                    0x0000136c   Section        8  libspace.o(.text)
    .text                                    0x00001374   Section       62  sys_stackheap_outer.o(.text)
    .text                                    0x000013b2   Section        0  exit.o(.text)
    .text                                    0x000013c2   Section        0  retnan.o(.text)
    .text                                    0x00001420   Section        0  sys_exit.o(.text)
    .text                                    0x0000142c   Section        2  use_no_semi.o(.text)
    .text                                    0x0000142e   Section        0  indicate_semi.o(.text)
    i.ADC_Close                              0x0000142e   Section        0  adc.o(i.ADC_Close)
    i.ADC_DisableInt                         0x00001444   Section        0  adc.o(i.ADC_DisableInt)
    i.ADC_EnableInt                          0x00001470   Section        0  adc.o(i.ADC_EnableInt)
    i.ADC_IRQHandler                         0x0000149c   Section        0  main.o(i.ADC_IRQHandler)
    i.ADC_Open                               0x000014b0   Section        0  adc.o(i.ADC_Open)
    i.AdcSingleModeTest                      0x000014d4   Section        0  main.o(i.AdcSingleModeTest)
    i.CLK_EnableModuleClock                  0x000015cc   Section        0  clk.o(i.CLK_EnableModuleClock)
    i.CLK_SetModuleClock                     0x000015e8   Section        0  clk.o(i.CLK_SetModuleClock)
    i.CLK_WaitClockReady                     0x00001638   Section        0  clk.o(i.CLK_WaitClockReady)
    i.Clear_CGROM                            0x0000165c   Section        0  main.o(i.Clear_CGROM)
    i.Clear_GDRAM                            0x0000169e   Section        0  main.o(i.Clear_GDRAM)
    i.FMC_Erase                              0x000016e8   Section        0  main.o(i.FMC_Erase)
    FMC_Erase                                0x000016e9   Thumb Code    42  main.o(i.FMC_Erase)
    i.FMC_Read                               0x00001718   Section        0  main.o(i.FMC_Read)
    FMC_Read                                 0x00001719   Thumb Code    26  main.o(i.FMC_Read)
    i.FMC_Write                              0x00001738   Section        0  main.o(i.FMC_Write)
    FMC_Write                                0x00001739   Thumb Code    26  main.o(i.FMC_Write)
    i.GPIOP2P3P4_IRQHandler                  0x00001758   Section        0  main.o(i.GPIOP2P3P4_IRQHandler)
    i.GPIO_EnableInt                         0x00001dbc   Section        0  gpio.o(i.GPIO_EnableInt)
    i.GPIO_SetMode                           0x00001dd6   Section        0  gpio.o(i.GPIO_SetMode)
    i.Initial_st7920                         0x00001e00   Section        0  main.o(i.Initial_st7920)
    i.NVIC_EnableIRQ                         0x00001e6c   Section        0  main.o(i.NVIC_EnableIRQ)
    NVIC_EnableIRQ                           0x00001e6d   Thumb Code    14  main.o(i.NVIC_EnableIRQ)
    i.Page_1                                 0x00001e80   Section        0  main.o(i.Page_1)
    i.Page_1_1                               0x000025a8   Section        0  main.o(i.Page_1_1)
    i.Page_2                                 0x00002bf8   Section        0  main.o(i.Page_2)
    i.Page_set                               0x00003100   Section        0  main.o(i.Page_set)
    i.RESET_Gain                             0x000033c4   Section        0  main.o(i.RESET_Gain)
    i.SET_Gain                               0x000033f0   Section        0  main.o(i.SET_Gain)
    i.SYS_Init                               0x00003418   Section        0  main.o(i.SYS_Init)
    i.Show_Graphic                           0x000034bc   Section        0  main.o(i.Show_Graphic)
    i.SystemCoreClockUpdate                  0x00003560   Section        0  system_m051series.o(i.SystemCoreClockUpdate)
    i.SystemInit                             0x000035f0   Section        0  system_m051series.o(i.SystemInit)
    i.TIMER_Close                            0x000035f2   Section        0  timer.o(i.TIMER_Close)
    i.TIMER_DisableEventCounter              0x000035fa   Section        0  timer.o(i.TIMER_DisableEventCounter)
    i.TIMER_EnableCapture                    0x00003606   Section        0  timer.o(i.TIMER_EnableCapture)
    i.TIMER_EnableEventCounter               0x0000361a   Section        0  timer.o(i.TIMER_EnableEventCounter)
    i.TIMER_GetModuleClock                   0x00003630   Section        0  timer.o(i.TIMER_GetModuleClock)
    i.TIMER_Open                             0x00003698   Section        0  timer.o(i.TIMER_Open)
    i.TMR0_IRQHandler                        0x000036f8   Section        0  main.o(i.TMR0_IRQHandler)
    i.TMR1_IRQHandler                        0x00003934   Section        0  main.o(i.TMR1_IRQHandler)
    i.Temper_dis                             0x00003990   Section        0  main.o(i.Temper_dis)
    i.WriteData                              0x00003a30   Section        0  main.o(i.WriteData)
    i.Write_one_bit                          0x00003a5c   Section        0  main.o(i.Write_one_bit)
    i.bat_dis                                0x00003a9c   Section        0  main.o(i.bat_dis)
    i.button_select                          0x00003b80   Section        0  main.o(i.button_select)
    i.delay_time                             0x00004300   Section        0  main.o(i.delay_time)
    i.display_dig                            0x0000430c   Section        0  main.o(i.display_dig)
    i.display_dig2                           0x000047d8   Section        0  main.o(i.display_dig2)
    i.display_dig3                           0x00004aec   Section        0  main.o(i.display_dig3)
    i.display_select                         0x00004dec   Section        0  main.o(i.display_select)
    i.electronic                             0x000056e4   Section        0  main.o(i.electronic)
    i.init_ext_ad                            0x00005b70   Section        0  main.o(i.init_ext_ad)
    i.main                                   0x00005b80   Section        0  main.o(i.main)
    i.read_ext_adc                           0x00007458   Section        0  main.o(i.read_ext_adc)
    i.sqrt                                   0x000074c8   Section        0  sqrt.o(i.sqrt)
    i.vibrating_wire                         0x00007510   Section        0  main.o(i.vibrating_wire)
    x$fpl$dleqf                              0x00007618   Section      100  dlef.o(x$fpl$dleqf)
    x$fpl$drleqf                             0x0000767c   Section      104  drlef.o(x$fpl$drleqf)
    x$fpl$fadd                               0x000076e4   Section      140  faddsub.o(x$fpl$fadd)
    _fadd1                                   0x000076f1   Thumb Code     0  faddsub.o(x$fpl$fadd)
    x$fpl$fleqf                              0x00007770   Section       84  flef.o(x$fpl$fleqf)
    x$fpl$fmul                               0x000077c4   Section      176  fmul.o(x$fpl$fmul)
    x$fpl$frleqf                             0x00007874   Section       88  frlef.o(x$fpl$frleqf)
    x$fpl$frsb                               0x000078cc   Section       24  faddsub.o(x$fpl$frsb)
    x$fpl$fsub                               0x000078e4   Section      208  faddsub.o(x$fpl$fsub)
    _fsub1                                   0x000078f1   Thumb Code     0  faddsub.o(x$fpl$fsub)
    .constdata                               0x000079b4   Section       32  system_m051series.o(.constdata)
    x$fpl$usenofp                            0x000079b4   Section        0  usenofp.o(x$fpl$usenofp)
    .constdata                               0x000079d4   Section       32  timer.o(.constdata)
    .constdata                               0x000079f4   Section      128  ddiv.o(.constdata)
    ddiv_reciptbl                            0x000079f4   Data         128  ddiv.o(.constdata)
    .constdata                               0x00007a74   Section       64  fdiv.o(.constdata)
    fdiv_tab                                 0x00007a74   Data          64  fdiv.o(.constdata)
    .data                                    0x20000000   Section       12  system_m051series.o(.data)
    .data                                    0x20000010   Section     1524  main.o(.data)
    .bss                                     0x20000604   Section      856  main.o(.bss)
    .bss                                     0x2000095c   Section       96  libspace.o(.bss)
    HEAP                                     0x200009c0   Section        0  startup_m051series.o(HEAP)
    STACK                                    0x200009c0   Section      512  startup_m051series.o(STACK)
    Heap_Mem                                 0x200009c0   Data           0  startup_m051series.o(HEAP)
    Stack_Mem                                0x200009c0   Data         512  startup_m051series.o(STACK)
    __initial_sp                             0x20000bc0   Data           0  startup_m051series.o(STACK)

    Global Symbols

    Symbol Name                              Value     Ov Type        Size  Object(Section)

    BuildAttributes$$THM_ISAv3M$S$PE$A:L22$X:L11$S22$IEEE1$IW$USESV6$~STKCKD$USESV7$~SHL$OTIME$ROPI$IEEEJ$EBA8$UX$STANDARDLIB$REQ8$PRES8$EABIv2 0x00000000   Number         0  anon$$obj.o ABSOLUTE
    __ARM_use_no_argv                        0x00000000   Number         0  main.o ABSOLUTE
    __Vectors                                0x00000000   Data           4  startup_m051series.o(RESET)
    _printf_flags                            0x00000000   Number         0  printf_stubs.o ABSOLUTE
    _printf_return_value                     0x00000000   Number         0  printf_stubs.o ABSOLUTE
    _printf_sizespec                         0x00000000   Number         0  printf_stubs.o ABSOLUTE
    _printf_widthprec                        0x00000000   Number         0  printf_stubs.o ABSOLUTE
    __ARM_exceptions_init                     - Undefined Weak Reference
    __alloca_initialize                       - Undefined Weak Reference
    __arm_preinit_                            - Undefined Weak Reference
    __cpp_initialize__aeabi_                  - Undefined Weak Reference
    __cxa_finalize                            - Undefined Weak Reference
    __rt_locale                               - Undefined Weak Reference
    __sigvec_lookup                           - Undefined Weak Reference
    _atexit_init                              - Undefined Weak Reference
    _call_atexit_fns                          - Undefined Weak Reference
    _clock_init                               - Undefined Weak Reference
    _fp_trap_init                             - Undefined Weak Reference
    _fp_trap_shutdown                         - Undefined Weak Reference
    _get_lc_collate                           - Undefined Weak Reference
    _get_lc_ctype                             - Undefined Weak Reference
    _get_lc_monetary                          - Undefined Weak Reference
    _get_lc_numeric                           - Undefined Weak Reference
    _get_lc_time                              - Undefined Weak Reference
    _getenv_init                              - Undefined Weak Reference
    _handle_redirection                       - Undefined Weak Reference
    _init_alloc                               - Undefined Weak Reference
    _init_user_alloc                          - Undefined Weak Reference
    _initio                                   - Undefined Weak Reference
    _rand_init                                - Undefined Weak Reference
    _signal_finish                            - Undefined Weak Reference
    _signal_init                              - Undefined Weak Reference
    _terminate_alloc                          - Undefined Weak Reference
    _terminate_user_alloc                     - Undefined Weak Reference
    _terminateio                              - Undefined Weak Reference
    __main                                   0x000000c1   Thumb Code     8  __main.o(!!!main)
    __scatterload                            0x000000c9   Thumb Code     0  __scatter.o(!!!scatter)
    __scatterload_rt2                        0x000000c9   Thumb Code    52  __scatter.o(!!!scatter)
    __scatterload_rt2_thumb_only             0x000000c9   Thumb Code     0  __scatter.o(!!!scatter)
    __scatterload_null                       0x000000d9   Thumb Code     0  __scatter.o(!!!scatter)
    __scatterload_copy                       0x00000105   Thumb Code    26  __scatter_copy.o(!!handler_copy)
    __scatterload_zeroinit                   0x00000121   Thumb Code    28  __scatter_zi.o(!!handler_zi)
    __rt_lib_init                            0x0000013d   Thumb Code     0  libinit.o(.ARM.Collect$$libinit$$00000000)
    __rt_lib_init_alloca_1                   0x0000013f   Thumb Code     0  libinit2.o(.ARM.Collect$$libinit$$0000002E)
    __rt_lib_init_argv_1                     0x0000013f   Thumb Code     0  libinit2.o(.ARM.Collect$$libinit$$0000002C)
    __rt_lib_init_atexit_1                   0x0000013f   Thumb Code     0  libinit2.o(.ARM.Collect$$libinit$$0000001B)
    __rt_lib_init_clock_1                    0x0000013f   Thumb Code     0  libinit2.o(.ARM.Collect$$libinit$$00000021)
    __rt_lib_init_cpp_1                      0x0000013f   Thumb Code     0  libinit2.o(.ARM.Collect$$libinit$$00000032)
    __rt_lib_init_exceptions_1               0x0000013f   Thumb Code     0  libinit2.o(.ARM.Collect$$libinit$$00000030)
    __rt_lib_init_fp_1                       0x0000013f   Thumb Code     0  libinit2.o(.ARM.Collect$$libinit$$00000002)
    __rt_lib_init_fp_trap_1                  0x0000013f   Thumb Code     0  libinit2.o(.ARM.Collect$$libinit$$0000001F)
    __rt_lib_init_getenv_1                   0x0000013f   Thumb Code     0  libinit2.o(.ARM.Collect$$libinit$$00000023)
    __rt_lib_init_heap_1                     0x0000013f   Thumb Code     0  libinit2.o(.ARM.Collect$$libinit$$0000000A)
    __rt_lib_init_lc_collate_1               0x0000013f   Thumb Code     0  libinit2.o(.ARM.Collect$$libinit$$00000011)
    __rt_lib_init_lc_ctype_1                 0x0000013f   Thumb Code     0  libinit2.o(.ARM.Collect$$libinit$$00000013)
    __rt_lib_init_lc_monetary_1              0x0000013f   Thumb Code     0  libinit2.o(.ARM.Collect$$libinit$$00000015)
    __rt_lib_init_lc_numeric_1               0x0000013f   Thumb Code     0  libinit2.o(.ARM.Collect$$libinit$$00000017)
    __rt_lib_init_lc_time_1                  0x0000013f   Thumb Code     0  libinit2.o(.ARM.Collect$$libinit$$00000019)
    __rt_lib_init_preinit_1                  0x0000013f   Thumb Code     0  libinit2.o(.ARM.Collect$$libinit$$00000004)
    __rt_lib_init_rand_1                     0x0000013f   Thumb Code     0  libinit2.o(.ARM.Collect$$libinit$$0000000E)
    __rt_lib_init_return                     0x0000013f   Thumb Code     0  libinit2.o(.ARM.Collect$$libinit$$00000033)
    __rt_lib_init_signal_1                   0x0000013f   Thumb Code     0  libinit2.o(.ARM.Collect$$libinit$$0000001D)
    __rt_lib_init_stdio_1                    0x0000013f   Thumb Code     0  libinit2.o(.ARM.Collect$$libinit$$00000025)
    __rt_lib_init_user_alloc_1               0x0000013f   Thumb Code     0  libinit2.o(.ARM.Collect$$libinit$$0000000C)
    __rt_lib_shutdown                        0x00000141   Thumb Code     0  libshutdown.o(.ARM.Collect$$libshutdown$$00000000)
    __rt_lib_shutdown_cpp_1                  0x00000143   Thumb Code     0  libshutdown2.o(.ARM.Collect$$libshutdown$$00000002)
    __rt_lib_shutdown_fp_trap_1              0x00000143   Thumb Code     0  libshutdown2.o(.ARM.Collect$$libshutdown$$00000007)
    __rt_lib_shutdown_heap_1                 0x00000143   Thumb Code     0  libshutdown2.o(.ARM.Collect$$libshutdown$$0000000F)
    __rt_lib_shutdown_return                 0x00000143   Thumb Code     0  libshutdown2.o(.ARM.Collect$$libshutdown$$00000010)
    __rt_lib_shutdown_signal_1               0x00000143   Thumb Code     0  libshutdown2.o(.ARM.Collect$$libshutdown$$0000000A)
    __rt_lib_shutdown_stdio_1                0x00000143   Thumb Code     0  libshutdown2.o(.ARM.Collect$$libshutdown$$00000004)
    __rt_lib_shutdown_user_alloc_1           0x00000143   Thumb Code     0  libshutdown2.o(.ARM.Collect$$libshutdown$$0000000C)
    __rt_entry                               0x00000145   Thumb Code     0  __rtentry.o(.ARM.Collect$$rtentry$$00000000)
    __rt_entry_presh_1                       0x00000145   Thumb Code     0  __rtentry2.o(.ARM.Collect$$rtentry$$00000002)
    __rt_entry_sh                            0x00000145   Thumb Code     0  __rtentry4.o(.ARM.Collect$$rtentry$$00000004)
    __rt_entry_li                            0x0000014b   Thumb Code     0  __rtentry2.o(.ARM.Collect$$rtentry$$0000000A)
    __rt_entry_postsh_1                      0x0000014b   Thumb Code     0  __rtentry2.o(.ARM.Collect$$rtentry$$00000009)
    __rt_entry_main                          0x0000014f   Thumb Code     0  __rtentry2.o(.ARM.Collect$$rtentry$$0000000D)
    __rt_entry_postli_1                      0x0000014f   Thumb Code     0  __rtentry2.o(.ARM.Collect$$rtentry$$0000000C)
    __rt_exit                                0x00000157   Thumb Code     0  rtexit.o(.ARM.Collect$$rtexit$$00000000)
    __rt_exit_ls                             0x00000159   Thumb Code     0  rtexit2.o(.ARM.Collect$$rtexit$$00000003)
    __rt_exit_prels_1                        0x00000159   Thumb Code     0  rtexit2.o(.ARM.Collect$$rtexit$$00000002)
    __rt_exit_exit                           0x0000015d   Thumb Code     0  rtexit2.o(.ARM.Collect$$rtexit$$00000004)
    __aeabi_memcpy4                          0x00000165   Thumb Code    56  rt_memcpy.o(.emb_text)
    __aeabi_memcpy8                          0x00000165   Thumb Code     0  rt_memcpy.o(.emb_text)
    Reset_Handler                            0x0000019d   Thumb Code    32  startup_m051series.o(.text)
    NMI_Handler                              0x000001bd   Thumb Code     2  startup_m051series.o(.text)
    HardFault_Handler                        0x000001bf   Thumb Code     2  startup_m051series.o(.text)
    SVC_Handler                              0x000001c1   Thumb Code     2  startup_m051series.o(.text)
    PendSV_Handler                           0x000001c3   Thumb Code     2  startup_m051series.o(.text)
    SysTick_Handler                          0x000001c5   Thumb Code     2  startup_m051series.o(.text)
    ACMP01_IRQHandler                        0x000001c7   Thumb Code     0  startup_m051series.o(.text)
    ACMP23_IRQHandler                        0x000001c7   Thumb Code     0  startup_m051series.o(.text)
    BOD_IRQHandler                           0x000001c7   Thumb Code     0  startup_m051series.o(.text)
    EINT0_IRQHandler                         0x000001c7   Thumb Code     0  startup_m051series.o(.text)
    EINT1_IRQHandler                         0x000001c7   Thumb Code     0  startup_m051series.o(.text)
    GPIOP0P1_IRQHandler                      0x000001c7   Thumb Code     0  startup_m051series.o(.text)
    I2C0_IRQHandler                          0x000001c7   Thumb Code     0  startup_m051series.o(.text)
    I2C1_IRQHandler                          0x000001c7   Thumb Code     0  startup_m051series.o(.text)
    PWMA_IRQHandler                          0x000001c7   Thumb Code     0  startup_m051series.o(.text)
    PWMB_IRQHandler                          0x000001c7   Thumb Code     0  startup_m051series.o(.text)
    PWRWU_IRQHandler                         0x000001c7   Thumb Code     0  startup_m051series.o(.text)
    RTC_IRQHandler                           0x000001c7   Thumb Code     0  startup_m051series.o(.text)
    SPI0_IRQHandler                          0x000001c7   Thumb Code     0  startup_m051series.o(.text)
    SPI1_IRQHandler                          0x000001c7   Thumb Code     0  startup_m051series.o(.text)
    TMR2_IRQHandler                          0x000001c7   Thumb Code     0  startup_m051series.o(.text)
    TMR3_IRQHandler                          0x000001c7   Thumb Code     0  startup_m051series.o(.text)
    UART0_IRQHandler                         0x000001c7   Thumb Code     0  startup_m051series.o(.text)
    UART1_IRQHandler                         0x000001c7   Thumb Code     0  startup_m051series.o(.text)
    WDT_IRQHandler                           0x000001c7   Thumb Code     0  startup_m051series.o(.text)
    __user_initial_stackheap                 0x000001c9   Thumb Code     0  startup_m051series.o(.text)
    __aeabi_uidiv                            0x00000201   Thumb Code     0  aeabi_sdiv.o(.text)
    __aeabi_uidivmod                         0x00000201   Thumb Code    20  aeabi_sdiv.o(.text)
    __aeabi_idiv                             0x00000215   Thumb Code     0  aeabi_sdiv.o(.text)
    __aeabi_idivmod                          0x00000215   Thumb Code   326  aeabi_sdiv.o(.text)
    __use_two_region_memory                  0x0000035b   Thumb Code     2  heapauxi.o(.text)
    __rt_heap_escrow$2region                 0x0000035d   Thumb Code     2  heapauxi.o(.text)
    __rt_heap_expand$2region                 0x0000035f   Thumb Code     2  heapauxi.o(.text)
    __aeabi_d2f                              0x00000361   Thumb Code     0  d2f.o(.text)
    _d2f                                     0x00000361   Thumb Code   120  d2f.o(.text)
    __aeabi_dadd                             0x000006d5   Thumb Code     0  daddsub.o(.text)
    _dadd                                    0x000006d5   Thumb Code    26  daddsub.o(.text)
    __aeabi_dsub                             0x000006ef   Thumb Code     0  daddsub.o(.text)
    _dsub                                    0x000006ef   Thumb Code    22  daddsub.o(.text)
    __aeabi_drsub                            0x00000705   Thumb Code     0  daddsub.o(.text)
    _drsb                                    0x00000705   Thumb Code    28  daddsub.o(.text)
    __aeabi_ddiv                             0x00000735   Thumb Code     0  ddiv.o(.text)
    _ddiv                                    0x00000735   Thumb Code  1072  ddiv.o(.text)
    _drdiv                                   0x00000b65   Thumb Code    20  ddiv.o(.text)
    __aeabi_d2uiz                            0x00000b7d   Thumb Code     0  dfixui.o(.text)
    _dfixu                                   0x00000b7d   Thumb Code    68  dfixui.o(.text)
    __aeabi_i2d_normalise                    0x00000bc5   Thumb Code    66  dflti.o(.text)
    __aeabi_i2d                              0x00000c07   Thumb Code    16  dflti.o(.text)
    _dflt                                    0x00000c07   Thumb Code     0  dflti.o(.text)
    __aeabi_ui2d                             0x00000c17   Thumb Code     6  dflti.o(.text)
    _dfltu                                   0x00000c17   Thumb Code     0  dflti.o(.text)
    __aeabi_dmul                             0x00000c1d   Thumb Code     0  dmul.o(.text)
    _dmul                                    0x00000c1d   Thumb Code   558  dmul.o(.text)
    __ARM_scalbn                             0x00000e65   Thumb Code    84  dscalbn.o(.text)
    __aeabi_f2d                              0x00000ec5   Thumb Code     0  f2d.o(.text)
    _f2d                                     0x00000ec5   Thumb Code    80  f2d.o(.text)
    __aeabi_fdiv                             0x00000f19   Thumb Code     0  fdiv.o(.text)
    _fdiv                                    0x00000f19   Thumb Code   334  fdiv.o(.text)
    _frdiv                                   0x00001067   Thumb Code     8  fdiv.o(.text)
    __aeabi_f2uiz                            0x00001079   Thumb Code     0  ffixui.o(.text)
    _ffixu                                   0x00001079   Thumb Code    48  ffixui.o(.text)
    __aeabi_i2f_normalise                    0x000010a9   Thumb Code    72  fflti.o(.text)
    __aeabi_i2f                              0x000010f1   Thumb Code    16  fflti.o(.text)
    _fflt                                    0x000010f1   Thumb Code     0  fflti.o(.text)
    __aeabi_ui2f                             0x00001101   Thumb Code     6  fflti.o(.text)
    _ffltu                                   0x00001101   Thumb Code     0  fflti.o(.text)
    __read_errno                             0x00001107   Thumb Code    10  _rserrno.o(.text)
    __set_errno                              0x00001111   Thumb Code    12  _rserrno.o(.text)
    __fpl_dcmp_InfNaN                        0x0000111d   Thumb Code   140  dcmpin.o(.text)
    _dsqrt                                   0x000011ad   Thumb Code   248  dsqrt.o(.text)
    __fpl_fcmp_InfNaN                        0x000012ad   Thumb Code    96  fcmpin.o(.text)
    __aeabi_errno_addr                       0x00001311   Thumb Code     8  rt_errno_addr_intlibspace.o(.text)
    __errno$intlibspace                      0x00001311   Thumb Code     0  rt_errno_addr_intlibspace.o(.text)
    __rt_errno_addr$intlibspace              0x00001311   Thumb Code     0  rt_errno_addr_intlibspace.o(.text)
    __fpl_cmpreturn                          0x00001319   Thumb Code    46  cmpret.o(.text)
    __fpl_dcheck_NaN2                        0x00001349   Thumb Code    14  dnan2.o(.text)
    __fpl_fcheck_NaN2                        0x0000135d   Thumb Code    10  fnan2.o(.text)
    __user_libspace                          0x0000136d   Thumb Code     8  libspace.o(.text)
    __user_perproc_libspace                  0x0000136d   Thumb Code     0  libspace.o(.text)
    __user_perthread_libspace                0x0000136d   Thumb Code     0  libspace.o(.text)
    __user_setup_stackheap                   0x00001375   Thumb Code    62  sys_stackheap_outer.o(.text)
    exit                                     0x000013b3   Thumb Code    16  exit.o(.text)
    __fpl_return_NaN                         0x000013c3   Thumb Code    94  retnan.o(.text)
    _sys_exit                                0x00001421   Thumb Code     8  sys_exit.o(.text)
    __I$use$semihosting                      0x0000142d   Thumb Code     0  use_no_semi.o(.text)
    __use_no_semihosting_swi                 0x0000142d   Thumb Code     2  use_no_semi.o(.text)
    ADC_Close                                0x0000142f   Thumb Code    22  adc.o(i.ADC_Close)
    __semihosting_library_function           0x0000142f   Thumb Code     0  indicate_semi.o(.text)
    ADC_DisableInt                           0x00001445   Thumb Code    38  adc.o(i.ADC_DisableInt)
    ADC_EnableInt                            0x00001471   Thumb Code    38  adc.o(i.ADC_EnableInt)
    ADC_IRQHandler                           0x0000149d   Thumb Code    12  main.o(i.ADC_IRQHandler)
    ADC_Open                                 0x000014b1   Thumb Code    28  adc.o(i.ADC_Open)
    AdcSingleModeTest                        0x000014d5   Thumb Code   180  main.o(i.AdcSingleModeTest)
    CLK_EnableModuleClock                    0x000015cd   Thumb Code    24  clk.o(i.CLK_EnableModuleClock)
    CLK_SetModuleClock                       0x000015e9   Thumb Code    76  clk.o(i.CLK_SetModuleClock)
    CLK_WaitClockReady                       0x00001639   Thumb Code    28  clk.o(i.CLK_WaitClockReady)
    Clear_CGROM                              0x0000165d   Thumb Code    66  main.o(i.Clear_CGROM)
    Clear_GDRAM                              0x0000169f   Thumb Code    74  main.o(i.Clear_GDRAM)
    GPIOP2P3P4_IRQHandler                    0x00001759   Thumb Code  1612  main.o(i.GPIOP2P3P4_IRQHandler)
    GPIO_EnableInt                           0x00001dbd   Thumb Code    26  gpio.o(i.GPIO_EnableInt)
    GPIO_SetMode                             0x00001dd7   Thumb Code    40  gpio.o(i.GPIO_SetMode)
    Initial_st7920                           0x00001e01   Thumb Code   104  main.o(i.Initial_st7920)
    Page_1                                   0x00001e81   Thumb Code  1832  main.o(i.Page_1)
    Page_1_1                                 0x000025a9   Thumb Code  1614  main.o(i.Page_1_1)
    Page_2                                   0x00002bf9   Thumb Code  1286  main.o(i.Page_2)
    Page_set                                 0x00003101   Thumb Code   702  main.o(i.Page_set)
    RESET_Gain                               0x000033c5   Thumb Code    32  main.o(i.RESET_Gain)
    SET_Gain                                 0x000033f1   Thumb Code    26  main.o(i.SET_Gain)
    SYS_Init                                 0x00003419   Thumb Code   126  main.o(i.SYS_Init)
    Show_Graphic                             0x000034bd   Thumb Code   158  main.o(i.Show_Graphic)
    SystemCoreClockUpdate                    0x00003561   Thumb Code   116  system_m051series.o(i.SystemCoreClockUpdate)
    SystemInit                               0x000035f1   Thumb Code     2  system_m051series.o(i.SystemInit)
    TIMER_Close                              0x000035f3   Thumb Code     8  timer.o(i.TIMER_Close)
    TIMER_DisableEventCounter                0x000035fb   Thumb Code    12  timer.o(i.TIMER_DisableEventCounter)
    TIMER_EnableCapture                      0x00003607   Thumb Code    20  timer.o(i.TIMER_EnableCapture)
    TIMER_EnableEventCounter                 0x0000361b   Thumb Code    22  timer.o(i.TIMER_EnableEventCounter)
    TIMER_GetModuleClock                     0x00003631   Thumb Code    82  timer.o(i.TIMER_GetModuleClock)
    TIMER_Open                               0x00003699   Thumb Code    94  timer.o(i.TIMER_Open)
    TMR0_IRQHandler                          0x000036f9   Thumb Code   552  main.o(i.TMR0_IRQHandler)
    TMR1_IRQHandler                          0x00003935   Thumb Code    78  main.o(i.TMR1_IRQHandler)
    Temper_dis                               0x00003991   Thumb Code   154  main.o(i.Temper_dis)
    WriteData                                0x00003a31   Thumb Code    38  main.o(i.WriteData)
    Write_one_bit                            0x00003a5d   Thumb Code    58  main.o(i.Write_one_bit)
    bat_dis                                  0x00003a9d   Thumb Code   224  main.o(i.bat_dis)
    button_select                            0x00003b81   Thumb Code  1920  main.o(i.button_select)
    delay_time                               0x00004301   Thumb Code    12  main.o(i.delay_time)
    display_dig                              0x0000430d   Thumb Code  1228  main.o(i.display_dig)
    display_dig2                             0x000047d9   Thumb Code   780  main.o(i.display_dig2)
    display_dig3                             0x00004aed   Thumb Code   764  main.o(i.display_dig3)
    display_select                           0x00004ded   Thumb Code  2296  main.o(i.display_select)
    electronic                               0x000056e5   Thumb Code  1164  main.o(i.electronic)
    init_ext_ad                              0x00005b71   Thumb Code    10  main.o(i.init_ext_ad)
    main                                     0x00005b81   Thumb Code  6288  main.o(i.main)
    read_ext_adc                             0x00007459   Thumb Code   106  main.o(i.read_ext_adc)
    sqrt                                     0x000074c9   Thumb Code    66  sqrt.o(i.sqrt)
    vibrating_wire                           0x00007511   Thumb Code   262  main.o(i.vibrating_wire)
    __aeabi_cdcmple                          0x00007619   Thumb Code     0  dlef.o(x$fpl$dleqf)
    _dcmple                                  0x00007619   Thumb Code    94  dlef.o(x$fpl$dleqf)
    __aeabi_cdrcmple                         0x0000767d   Thumb Code     0  drlef.o(x$fpl$drleqf)
    _drcmple                                 0x0000767d   Thumb Code   100  drlef.o(x$fpl$drleqf)
    __aeabi_fadd                             0x000076e5   Thumb Code     0  faddsub.o(x$fpl$fadd)
    _fadd                                    0x000076e5   Thumb Code   134  faddsub.o(x$fpl$fadd)
    __aeabi_cfcmple                          0x00007771   Thumb Code     0  flef.o(x$fpl$fleqf)
    _fcmple                                  0x00007771   Thumb Code    78  flef.o(x$fpl$fleqf)
    __aeabi_fmul                             0x000077c5   Thumb Code     0  fmul.o(x$fpl$fmul)
    _fmul                                    0x000077c5   Thumb Code   172  fmul.o(x$fpl$fmul)
    __aeabi_cfrcmple                         0x00007875   Thumb Code     0  frlef.o(x$fpl$frleqf)
    _frcmple                                 0x00007875   Thumb Code    84  frlef.o(x$fpl$frleqf)
    __aeabi_frsub                            0x000078cd   Thumb Code     0  faddsub.o(x$fpl$frsb)
    _frsb                                    0x000078cd   Thumb Code    24  faddsub.o(x$fpl$frsb)
    __aeabi_fsub                             0x000078e5   Thumb Code     0  faddsub.o(x$fpl$fsub)
    _fsub                                    0x000078e5   Thumb Code   204  faddsub.o(x$fpl$fsub)
    __I$use$fp                               0x000079b4   Number         0  usenofp.o(x$fpl$usenofp)
    gau32ClkSrcTbl                           0x000079b4   Data          32  system_m051series.o(.constdata)
    Region$$Table$$Base                      0x00007ab4   Number         0  anon$$obj.o(Region$$Table)
    Region$$Table$$Limit                     0x00007ad4   Number         0  anon$$obj.o(Region$$Table)
    SystemCoreClock                          0x20000000   Data           4  system_m051series.o(.data)
    CyclesPerUs                              0x20000004   Data           4  system_m051series.o(.data)
    PllClock                                 0x20000008   Data           4  system_m051series.o(.data)
    interrupt_left                           0x20000010   Data           1  main.o(.data)
    select_freq_range                        0x20000011   Data           1  main.o(.data)
    select_command                           0x20000012   Data           1  main.o(.data)
    language_select                          0x20000013   Data           1  main.o(.data)
    language                                 0x20000014   Data           1  main.o(.data)
    AC_counter                               0x20000015   Data           1  main.o(.data)
    Page_1_1_                                0x20000016   Data           1  main.o(.data)
    button_update                            0x20000017   Data           1  main.o(.data)
    gucOutputVoltagePeak                     0x20000018   Data           1  main.o(.data)
    gucGainTableIndex                        0x20000019   Data           1  main.o(.data)
    select_freq_range2                       0x2000001a   Data           1  main.o(.data)
    interrupt_right                          0x2000001b   Data           1  main.o(.data)
    Hz_thou                                  0x2000001c   Data           1  main.o(.data)
    Hz_hun                                   0x2000001d   Data           1  main.o(.data)
    Hz_tens                                  0x2000001e   Data           1  main.o(.data)
    Hz_ones                                  0x2000001f   Data           1  main.o(.data)
    uE_thou                                  0x20000020   Data           1  main.o(.data)
    uE_hun                                   0x20000021   Data           1  main.o(.data)
    uE_tens                                  0x20000022   Data           1  main.o(.data)
    uE_ones                                  0x20000023   Data           1  main.o(.data)
    mS_thou                                  0x20000024   Data           1  main.o(.data)
    mS_hun                                   0x20000025   Data           1  main.o(.data)
    mS_tens                                  0x20000026   Data           1  main.o(.data)
    mS_ones                                  0x20000027   Data           1  main.o(.data)
    Hz_pointone                              0x20000028   Data           1  main.o(.data)
    uE_pointone                              0x20000029   Data           1  main.o(.data)
    mS_pointone                              0x2000002a   Data           1  main.o(.data)
    enter_i                                  0x2000002b   Data           1  main.o(.data)
    select_command_success                   0x2000002c   Data           1  main.o(.data)
    select_type                              0x2000002d   Data           1  main.o(.data)
    timer0_check                             0x2000002e   Data           1  main.o(.data)
    dig3_hun                                 0x2000002f   Data           1  main.o(.data)
    dig3_ten                                 0x20000030   Data           1  main.o(.data)
    dig3_one                                 0x20000031   Data           1  main.o(.data)
    dig3_pointone                            0x20000032   Data           1  main.o(.data)
    dig3_pointtwo                            0x20000033   Data           1  main.o(.data)
    dig3_pointthree                          0x20000034   Data           1  main.o(.data)
    dig_thou                                 0x20000035   Data           1  main.o(.data)
    dig_hun                                  0x20000036   Data           1  main.o(.data)
    dig_tens                                 0x20000037   Data           1  main.o(.data)
    dig_ones                                 0x20000038   Data           1  main.o(.data)
    dig_zeros                                0x20000039   Data           1  main.o(.data)
    dig_pointzeros                           0x2000003a   Data           1  main.o(.data)
    dig_pointones                            0x2000003b   Data           1  main.o(.data)
    dig2_thouthou                            0x2000003c   Data           1  main.o(.data)
    dig2_hunthou                             0x2000003d   Data           1  main.o(.data)
    dig2_tenthou                             0x2000003e   Data           1  main.o(.data)
    dig2_thou                                0x2000003f   Data           1  main.o(.data)
    dig2_hun                                 0x20000040   Data           1  main.o(.data)
    dig2_tens                                0x20000041   Data           1  main.o(.data)
    dig2_ones                                0x20000042   Data           1  main.o(.data)
    Temper_tens                              0x20000043   Data           1  main.o(.data)
    Temper_ones                              0x20000044   Data           1  main.o(.data)
    Temper_point                             0x20000045   Data           1  main.o(.data)
    interrupt_enter_command                  0x20000046   Data           3  main.o(.data)
    strain_coeffic                           0x2000004c   Data           4  main.o(.data)
    stri_counter                             0x20000050   Data           4  main.o(.data)
    gucT0Index                               0x20000054   Data           4  main.o(.data)
    gucindex_range                           0x20000058   Data           4  main.o(.data)
    button_range_min                         0x2000005c   Data           4  main.o(.data)
    button_range_max                         0x20000060   Data           4  main.o(.data)
    u32Addr                                  0x20000064   Data           4  main.o(.data)
    language_addr                            0x20000068   Data           4  main.o(.data)
    unit_addr                                0x2000006c   Data           4  main.o(.data)
    current_count                            0x20000070   Data           4  main.o(.data)
    current_total                            0x20000074   Data           4  main.o(.data)
    uiAdc8320Value_Hz_mean                   0x20000078   Data           4  main.o(.data)
    gain_uiAdc8320Value_stain_e              0x2000007c   Data           4  main.o(.data)
    uiAdc8320Value_Hz                        0x20000080   Data           4  main.o(.data)
    gain_uiAdc8320Value                      0x20000084   Data           4  main.o(.data)
    uiAdc8320Value_f                         0x20000088   Data           4  main.o(.data)
    uiAdc8320Value_ac                        0x2000008c   Data           4  main.o(.data)
    uiAdc8320Value_f_offset                  0x20000090   Data           4  main.o(.data)
    uiAdc8320Value_Hz_1                      0x20000094   Data           4  main.o(.data)
    time_ms                                  0x20000098   Data           4  main.o(.data)
    stain_e                                  0x2000009c   Data           4  main.o(.data)
    Temper                                   0x200000a0   Data           4  main.o(.data)
    typeSgain_uiAdc8320Value                 0x200000a4   Data           4  main.o(.data)
    bat_AD_data                              0x200000a8   Data           4  main.o(.data)
    Hz_data                                  0x200000ac   Data           4  main.o(.data)
    bat_data                                 0x200000b0   Data           4  main.o(.data)
    uiAdc8320Value                           0x200000b4   Data           4  main.o(.data)
    typeS_uiAdc8320Value                     0x200000b8   Data           4  main.o(.data)
    uiAdc8320Value_offset                    0x200000bc   Data           4  main.o(.data)
    u32iPortStatus                           0x200000c0   Data           4  main.o(.data)
    uiTimerCounter                           0x200000c4   Data           4  main.o(.data)
    while_counter                            0x200000c8   Data           4  main.o(.data)
    u32iOutputVoltage                        0x200000cc   Data           4  main.o(.data)
    gucOutputVoltage                         0x200000d0   Data           4  main.o(.data)
    uiAdc8320Value_ff                        0x200000d4   Data           4  main.o(.data)
    u32InitCount                             0x200000d8   Data           4  main.o(.data)
    g_u32AdcIntFlag                          0x200000dc   Data           4  main.o(.data)
    min_freq_timer                           0x200000e0   Data           4  main.o(.data)
    max_freq_timer                           0x200000e4   Data           4  main.o(.data)
    min_freq                                 0x200000e8   Data           4  main.o(.data)
    max_freq                                 0x200000ec   Data           4  main.o(.data)
    gucGainTable                             0x200000f0   Data           8  main.o(.data)
    g_au32HzMaxMin                           0x200000f8   Data           8  main.o(.data)
    uiAdc8320Value_Hz_mean_STD               0x20000100   Data           8  main.o(.data)
    gfloatGainTable                          0x20000108   Data          24  main.o(.data)
    guiTimer0Period                          0x20000120   Data         228  main.o(.data)
    pic2                                     0x20000204   Data        1024  main.o(.data)
    g_au32ADCCount                           0x20000604   Data          40  main.o(.bss)
    g_au32TMRINTCount                        0x2000062c   Data          16  main.o(.bss)
    g_au32TMR1Count                          0x2000063c   Data         800  main.o(.bss)
    __libspace_start                         0x2000095c   Data          96  libspace.o(.bss)
    __temporary_stack_top$libspace           0x200009bc   Data           0  libspace.o(.bss)



==============================================================================

Memory Map of the image

  Image Entry point : 0x0000019d

  Load Region LR_1 (Base: 0x00000000, Size: 0x000080d8, Max: 0xffffffff, ABSOLUTE)

    Execution Region ER_RO (Base: 0x00000000, Size: 0x00007ad4, Max: 0xffffffff, ABSOLUTE)

    Base Addr    Size         Type   Attr      Idx    E Section Name        Object

    0x00000000   0x000000c0   Data   RO          104    RESET               startup_m051series.o
    0x000000c0   0x00000008   Code   RO         1033  * !!!main             c_p.l(__main.o)
    0x000000c8   0x0000003c   Code   RO         1278    !!!scatter          c_p.l(__scatter.o)
    0x00000104   0x0000001a   Code   RO         1280    !!handler_copy      c_p.l(__scatter_copy.o)
    0x0000011e   0x00000002   PAD
    0x00000120   0x0000001c   Code   RO         1282    !!handler_zi        c_p.l(__scatter_zi.o)
    0x0000013c   0x00000002   Code   RO         1150    .ARM.Collect$$libinit$$00000000  c_p.l(libinit.o)
    0x0000013e   0x00000000   Code   RO         1163    .ARM.Collect$$libinit$$00000002  c_p.l(libinit2.o)
    0x0000013e   0x00000000   Code   RO         1165    .ARM.Collect$$libinit$$00000004  c_p.l(libinit2.o)
    0x0000013e   0x00000000   Code   RO         1168    .ARM.Collect$$libinit$$0000000A  c_p.l(libinit2.o)
    0x0000013e   0x00000000   Code   RO         1170    .ARM.Collect$$libinit$$0000000C  c_p.l(libinit2.o)
    0x0000013e   0x00000000   Code   RO         1172    .ARM.Collect$$libinit$$0000000E  c_p.l(libinit2.o)
    0x0000013e   0x00000000   Code   RO         1175    .ARM.Collect$$libinit$$00000011  c_p.l(libinit2.o)
    0x0000013e   0x00000000   Code   RO         1177    .ARM.Collect$$libinit$$00000013  c_p.l(libinit2.o)
    0x0000013e   0x00000000   Code   RO         1179    .ARM.Collect$$libinit$$00000015  c_p.l(libinit2.o)
    0x0000013e   0x00000000   Code   RO         1181    .ARM.Collect$$libinit$$00000017  c_p.l(libinit2.o)
    0x0000013e   0x00000000   Code   RO         1183    .ARM.Collect$$libinit$$00000019  c_p.l(libinit2.o)
    0x0000013e   0x00000000   Code   RO         1185    .ARM.Collect$$libinit$$0000001B  c_p.l(libinit2.o)
    0x0000013e   0x00000000   Code   RO         1187    .ARM.Collect$$libinit$$0000001D  c_p.l(libinit2.o)
    0x0000013e   0x00000000   Code   RO         1189    .ARM.Collect$$libinit$$0000001F  c_p.l(libinit2.o)
    0x0000013e   0x00000000   Code   RO         1191    .ARM.Collect$$libinit$$00000021  c_p.l(libinit2.o)
    0x0000013e   0x00000000   Code   RO         1193    .ARM.Collect$$libinit$$00000023  c_p.l(libinit2.o)
    0x0000013e   0x00000000   Code   RO         1195    .ARM.Collect$$libinit$$00000025  c_p.l(libinit2.o)
    0x0000013e   0x00000000   Code   RO         1199    .ARM.Collect$$libinit$$0000002C  c_p.l(libinit2.o)
    0x0000013e   0x00000000   Code   RO         1201    .ARM.Collect$$libinit$$0000002E  c_p.l(libinit2.o)
    0x0000013e   0x00000000   Code   RO         1203    .ARM.Collect$$libinit$$00000030  c_p.l(libinit2.o)
    0x0000013e   0x00000000   Code   RO         1205    .ARM.Collect$$libinit$$00000032  c_p.l(libinit2.o)
    0x0000013e   0x00000002   Code   RO         1206    .ARM.Collect$$libinit$$00000033  c_p.l(libinit2.o)
    0x00000140   0x00000002   Code   RO         1235    .ARM.Collect$$libshutdown$$00000000  c_p.l(libshutdown.o)
    0x00000142   0x00000000   Code   RO         1261    .ARM.Collect$$libshutdown$$00000002  c_p.l(libshutdown2.o)
    0x00000142   0x00000000   Code   RO         1263    .ARM.Collect$$libshutdown$$00000004  c_p.l(libshutdown2.o)
    0x00000142   0x00000000   Code   RO         1266    .ARM.Collect$$libshutdown$$00000007  c_p.l(libshutdown2.o)
    0x00000142   0x00000000   Code   RO         1269    .ARM.Collect$$libshutdown$$0000000A  c_p.l(libshutdown2.o)
    0x00000142   0x00000000   Code   RO         1271    .ARM.Collect$$libshutdown$$0000000C  c_p.l(libshutdown2.o)
    0x00000142   0x00000000   Code   RO         1274    .ARM.Collect$$libshutdown$$0000000F  c_p.l(libshutdown2.o)
    0x00000142   0x00000002   Code   RO         1275    .ARM.Collect$$libshutdown$$00000010  c_p.l(libshutdown2.o)
    0x00000144   0x00000000   Code   RO         1091    .ARM.Collect$$rtentry$$00000000  c_p.l(__rtentry.o)
    0x00000144   0x00000000   Code   RO         1106    .ARM.Collect$$rtentry$$00000002  c_p.l(__rtentry2.o)
    0x00000144   0x00000006   Code   RO         1118    .ARM.Collect$$rtentry$$00000004  c_p.l(__rtentry4.o)
    0x0000014a   0x00000000   Code   RO         1108    .ARM.Collect$$rtentry$$00000009  c_p.l(__rtentry2.o)
    0x0000014a   0x00000004   Code   RO         1109    .ARM.Collect$$rtentry$$0000000A  c_p.l(__rtentry2.o)
    0x0000014e   0x00000000   Code   RO         1111    .ARM.Collect$$rtentry$$0000000C  c_p.l(__rtentry2.o)
    0x0000014e   0x00000008   Code   RO         1112    .ARM.Collect$$rtentry$$0000000D  c_p.l(__rtentry2.o)
    0x00000156   0x00000002   Code   RO         1154    .ARM.Collect$$rtexit$$00000000  c_p.l(rtexit.o)
    0x00000158   0x00000000   Code   RO         1210    .ARM.Collect$$rtexit$$00000002  c_p.l(rtexit2.o)
    0x00000158   0x00000004   Code   RO         1211    .ARM.Collect$$rtexit$$00000003  c_p.l(rtexit2.o)
    0x0000015c   0x00000006   Code   RO         1212    .ARM.Collect$$rtexit$$00000004  c_p.l(rtexit2.o)
    0x00000162   0x00000002   PAD
    0x00000164   0x00000038   Code   RO         1023    .emb_text           c_p.l(rt_memcpy.o)
    0x0000019c   0x00000064   Code   RO          105  * .text               startup_m051series.o
    0x00000200   0x0000015a   Code   RO         1027    .text               c_p.l(aeabi_sdiv.o)
    0x0000035a   0x00000006   Code   RO         1031    .text               c_p.l(heapauxi.o)
    0x00000360   0x0000007c   Code   RO         1035    .text               fz_ps.l(d2f.o)
    0x000003dc   0x00000358   Code   RO         1037    .text               fz_ps.l(daddsub.o)
    0x00000734   0x00000448   Code   RO         1039    .text               fz_ps.l(ddiv.o)
    0x00000b7c   0x00000048   Code   RO         1042    .text               fz_ps.l(dfixui.o)
    0x00000bc4   0x00000058   Code   RO         1044    .text               fz_ps.l(dflti.o)
    0x00000c1c   0x00000248   Code   RO         1048    .text               fz_ps.l(dmul.o)
    0x00000e64   0x00000060   Code   RO         1052    .text               fz_ps.l(dscalbn.o)
    0x00000ec4   0x00000054   Code   RO         1054    .text               fz_ps.l(f2d.o)
    0x00000f18   0x00000160   Code   RO         1062    .text               fz_ps.l(fdiv.o)
    0x00001078   0x00000030   Code   RO         1065    .text               fz_ps.l(ffixui.o)
    0x000010a8   0x0000005e   Code   RO         1067    .text               fz_ps.l(fflti.o)
    0x00001106   0x00000016   Code   RO         1096    .text               c_p.l(_rserrno.o)
    0x0000111c   0x00000090   Code   RO         1098    .text               fz_ps.l(dcmpin.o)
    0x000011ac   0x00000100   Code   RO         1100    .text               fz_ps.l(dsqrt.o)
    0x000012ac   0x00000064   Code   RO         1102    .text               fz_ps.l(fcmpin.o)
    0x00001310   0x00000008   Code   RO         1125    .text               c_p.l(rt_errno_addr_intlibspace.o)
    0x00001318   0x0000002e   Code   RO         1127    .text               fz_ps.l(cmpret.o)
    0x00001346   0x00000002   PAD
    0x00001348   0x00000014   Code   RO         1129    .text               fz_ps.l(dnan2.o)
    0x0000135c   0x00000010   Code   RO         1131    .text               fz_ps.l(fnan2.o)
    0x0000136c   0x00000008   Code   RO         1133    .text               c_p.l(libspace.o)
    0x00001374   0x0000003e   Code   RO         1136    .text               c_p.l(sys_stackheap_outer.o)
    0x000013b2   0x00000010   Code   RO         1139    .text               c_p.l(exit.o)
    0x000013c2   0x0000005e   Code   RO         1151    .text               fz_ps.l(retnan.o)
    0x00001420   0x0000000c   Code   RO         1207    .text               c_p.l(sys_exit.o)
    0x0000142c   0x00000002   Code   RO         1224    .text               c_p.l(use_no_semi.o)
    0x0000142e   0x00000000   Code   RO         1226    .text               c_p.l(indicate_semi.o)
    0x0000142e   0x00000016   Code   RO          875    i.ADC_Close         adc.o
    0x00001444   0x0000002c   Code   RO          877    i.ADC_DisableInt    adc.o
    0x00001470   0x0000002c   Code   RO          879    i.ADC_EnableInt     adc.o
    0x0000149c   0x00000014   Code   RO          111    i.ADC_IRQHandler    main.o
    0x000014b0   0x00000024   Code   RO          880    i.ADC_Open          adc.o
    0x000014d4   0x000000f8   Code   RO          112    i.AdcSingleModeTest  main.o
    0x000015cc   0x0000001c   Code   RO          624    i.CLK_EnableModuleClock  clk.o
    0x000015e8   0x00000050   Code   RO          634    i.CLK_SetModuleClock  clk.o
    0x00001638   0x00000024   Code   RO          636    i.CLK_WaitClockReady  clk.o
    0x0000165c   0x00000042   Code   RO          114    i.Clear_CGROM       main.o
    0x0000169e   0x0000004a   Code   RO          115    i.Clear_GDRAM       main.o
    0x000016e8   0x00000030   Code   RO          116    i.FMC_Erase         main.o
    0x00001718   0x00000020   Code   RO          117    i.FMC_Read          main.o
    0x00001738   0x00000020   Code   RO          118    i.FMC_Write         main.o
    0x00001758   0x00000664   Code   RO          119    i.GPIOP2P3P4_IRQHandler  main.o
    0x00001dbc   0x0000001a   Code   RO          465    i.GPIO_EnableInt    gpio.o
    0x00001dd6   0x00000028   Code   RO          466    i.GPIO_SetMode      gpio.o
    0x00001dfe   0x00000002   PAD
    0x00001e00   0x0000006c   Code   RO          121    i.Initial_st7920    main.o
    0x00001e6c   0x00000014   Code   RO          122    i.NVIC_EnableIRQ    main.o
    0x00001e80   0x00000728   Code   RO          123    i.Page_1            main.o
    0x000025a8   0x0000064e   Code   RO          124    i.Page_1_1          main.o
    0x00002bf6   0x00000002   PAD
    0x00002bf8   0x00000506   Code   RO          125    i.Page_2            main.o
    0x000030fe   0x00000002   PAD
    0x00003100   0x000002c4   Code   RO          126    i.Page_set          main.o
    0x000033c4   0x0000002c   Code   RO          127    i.RESET_Gain        main.o
    0x000033f0   0x00000028   Code   RO          128    i.SET_Gain          main.o
    0x00003418   0x000000a4   Code   RO          129    i.SYS_Init          main.o
    0x000034bc   0x000000a4   Code   RO          130    i.Show_Graphic      main.o
    0x00003560   0x00000090   Code   RO            3    i.SystemCoreClockUpdate  system_m051series.o
    0x000035f0   0x00000002   Code   RO            4    i.SystemInit        system_m051series.o
    0x000035f2   0x00000008   Code   RO          812    i.TIMER_Close       timer.o
    0x000035fa   0x0000000c   Code   RO          815    i.TIMER_DisableEventCounter  timer.o
    0x00003606   0x00000014   Code   RO          816    i.TIMER_EnableCapture  timer.o
    0x0000361a   0x00000016   Code   RO          817    i.TIMER_EnableEventCounter  timer.o
    0x00003630   0x00000068   Code   RO          818    i.TIMER_GetModuleClock  timer.o
    0x00003698   0x0000005e   Code   RO          819    i.TIMER_Open        timer.o
    0x000036f6   0x00000002   PAD
    0x000036f8   0x0000023c   Code   RO          131    i.TMR0_IRQHandler   main.o
    0x00003934   0x0000005c   Code   RO          132    i.TMR1_IRQHandler   main.o
    0x00003990   0x000000a0   Code   RO          133    i.Temper_dis        main.o
    0x00003a30   0x0000002c   Code   RO          134    i.WriteData         main.o
    0x00003a5c   0x00000040   Code   RO          135    i.Write_one_bit     main.o
    0x00003a9c   0x000000e4   Code   RO          136    i.bat_dis           main.o
    0x00003b80   0x00000780   Code   RO          137    i.button_select     main.o
    0x00004300   0x0000000c   Code   RO          138    i.delay_time        main.o
    0x0000430c   0x000004cc   Code   RO          139    i.display_dig       main.o
    0x000047d8   0x00000314   Code   RO          140    i.display_dig2      main.o
    0x00004aec   0x00000300   Code   RO          141    i.display_dig3      main.o
    0x00004dec   0x000008f8   Code   RO          142    i.display_select    main.o
    0x000056e4   0x0000048c   Code   RO          143    i.electronic        main.o
    0x00005b70   0x00000010   Code   RO          144    i.init_ext_ad       main.o
    0x00005b80   0x000018d8   Code   RO          145    i.main              main.o
    0x00007458   0x00000070   Code   RO          147    i.read_ext_adc      main.o
    0x000074c8   0x00000048   Code   RO         1084    i.sqrt              m_ps.l(sqrt.o)
    0x00007510   0x00000106   Code   RO          148    i.vibrating_wire    main.o
    0x00007616   0x00000002   PAD
    0x00007618   0x00000064   Code   RO         1046    x$fpl$dleqf         fz_ps.l(dlef.o)
    0x0000767c   0x00000068   Code   RO         1050    x$fpl$drleqf        fz_ps.l(drlef.o)
    0x000076e4   0x0000008c   Code   RO         1056    x$fpl$fadd          fz_ps.l(faddsub.o)
    0x00007770   0x00000054   Code   RO         1069    x$fpl$fleqf         fz_ps.l(flef.o)
    0x000077c4   0x000000b0   Code   RO         1071    x$fpl$fmul          fz_ps.l(fmul.o)
    0x00007874   0x00000058   Code   RO         1073    x$fpl$frleqf        fz_ps.l(frlef.o)
    0x000078cc   0x00000018   Code   RO         1057    x$fpl$frsb          fz_ps.l(faddsub.o)
    0x000078e4   0x000000d0   Code   RO         1058    x$fpl$fsub          fz_ps.l(faddsub.o)
    0x000079b4   0x00000000   Code   RO         1104    x$fpl$usenofp       fz_ps.l(usenofp.o)
    0x000079b4   0x00000020   Data   RO            5    .constdata          system_m051series.o
    0x000079d4   0x00000020   Data   RO          820    .constdata          timer.o
    0x000079f4   0x00000080   Data   RO         1040    .constdata          fz_ps.l(ddiv.o)
    0x00007a74   0x00000040   Data   RO         1063    .constdata          fz_ps.l(fdiv.o)
    0x00007ab4   0x00000020   Data   RO         1276    Region$$Table       anon$$obj.o


    Execution Region ER_RW (Base: 0x20000000, Size: 0x00000604, Max: 0xffffffff, ABSOLUTE)

    Base Addr    Size         Type   Attr      Idx    E Section Name        Object

    0x20000000   0x0000000c   Data   RW            6    .data               system_m051series.o
    0x2000000c   0x00000004   PAD
    0x20000010   0x000005f4   Data   RW          152    .data               main.o


    Execution Region ER_ZI (Base: 0x20000604, Size: 0x000005bc, Max: 0xffffffff, ABSOLUTE)

    Base Addr    Size         Type   Attr      Idx    E Section Name        Object

    0x20000604   0x00000358   Zero   RW          149    .bss                main.o
    0x2000095c   0x00000060   Zero   RW         1134    .bss                c_p.l(libspace.o)
    0x200009bc   0x00000004   PAD
    0x200009c0   0x00000000   Zero   RW          103    HEAP                startup_m051series.o
    0x200009c0   0x00000200   Zero   RW          102    STACK               startup_m051series.o


==============================================================================

Image component sizes


      Code (inc. data)   RO Data    RW Data    ZI Data      Debug   Object Name

       146         20          0          0          0       2348   adc.o
       144         16          0          0          0       2331   clk.o
        66          0          0          0          0      52104   gpio.o
     24222        880          0       1524        856      60354   main.o
       100         46        192          0        512        716   startup_m051series.o
       146         28         32         12          0      63551   system_m051series.o
       260         22         32          0          0       4027   timer.o

    ----------------------------------------------------------------------
     25094       1012        288       1540       1368     185431   Object Totals
         0          0         32          0          0          0   (incl. Generated)
        10          0          0          4          0          0   (incl. Padding)

    ----------------------------------------------------------------------

      Code (inc. data)   RO Data    RW Data    ZI Data      Debug   Library Member Name

         8          0          0          0          0         68   __main.o
         0          0          0          0          0          0   __rtentry.o
        12          0          0          0          0          0   __rtentry2.o
         6          0          0          0          0          0   __rtentry4.o
        60          8          0          0          0          0   __scatter.o
        26          0          0          0          0          0   __scatter_copy.o
        28          0          0          0          0          0   __scatter_zi.o
        22          0          0          0          0         92   _rserrno.o
       346          0          0          0          0         92   aeabi_sdiv.o
        16          0          0          0          0         68   exit.o
         6          0          0          0          0        136   heapauxi.o
         0          0          0          0          0          0   indicate_semi.o
         2          0          0          0          0          0   libinit.o
         2          0          0          0          0          0   libinit2.o
         2          0          0          0          0          0   libshutdown.o
         2          0          0          0          0          0   libshutdown2.o
         8          4          0          0         96         68   libspace.o
         8          4          0          0          0         68   rt_errno_addr_intlibspace.o
        56          0          0          0          0         68   rt_memcpy.o
         2          0          0          0          0          0   rtexit.o
        10          0          0          0          0          0   rtexit2.o
        12          4          0          0          0         60   sys_exit.o
        62          0          0          0          0         80   sys_stackheap_outer.o
         2          0          0          0          0         68   use_no_semi.o
        46          0          0          0          0         60   cmpret.o
       124          4          0          0          0         72   d2f.o
       856         20          0          0          0        208   daddsub.o
       144          4          0          0          0         76   dcmpin.o
      1096         26        128          0          0        112   ddiv.o
        72          4          0          0          0         68   dfixui.o
        88          0          0          0          0         92   dflti.o
       100          4          0          0          0         92   dlef.o
       584         26          0          0          0         84   dmul.o
        20          6          0          0          0         68   dnan2.o
       104          4          0          0          0        104   drlef.o
        96         12          0          0          0         72   dscalbn.o
       256          8          0          0          0         76   dsqrt.o
        84          4          0          0          0         60   f2d.o
       372          8          0          0          0        240   faddsub.o
       100          4          0          0          0         68   fcmpin.o
       352         10         64          0          0         92   fdiv.o
        48          0          0          0          0         60   ffixui.o
        94          0          0          0          0         92   fflti.o
        84          4          0          0          0         76   flef.o
       176          4          0          0          0         80   fmul.o
        16          6          0          0          0         68   fnan2.o
        88          4          0          0          0         76   frlef.o
        94          0          0          0          0         68   retnan.o
         0          0          0          0          0          0   usenofp.o
        72          6          0          0          0         76   sqrt.o

    ----------------------------------------------------------------------
      5870        188        192          0        100       3108   Library Totals
         6          0          0          0          4          0   (incl. Padding)

    ----------------------------------------------------------------------

      Code (inc. data)   RO Data    RW Data    ZI Data      Debug   Library Name

       698         20          0          0         96        868   c_p.l
      5094        162        192          0          0       2164   fz_ps.l
        72          6          0          0          0         76   m_ps.l

    ----------------------------------------------------------------------
      5870        188        192          0        100       3108   Library Totals

    ----------------------------------------------------------------------

==============================================================================


      Code (inc. data)   RO Data    RW Data    ZI Data      Debug   

     30964       1200        480       1540       1468     184839   Grand Totals
     30964       1200        480       1540       1468     184839   ELF Image Totals
     30964       1200        480       1540          0          0   ROM Totals

==============================================================================

    Total RO  Size (Code + RO Data)                31444 (  30.71kB)
    Total RW  Size (RW Data + ZI Data)              3008 (   2.94kB)
    Total ROM Size (Code + RO Data + RW Data)      32984 (  32.21kB)

==============================================================================

